Feb 19 06:25:03 vccw rsyslogd: [origin software="rsyslogd" swVersion="8.16.0" x-pid="880" x-info="http://www.rsyslog.com"] rsyslogd was HUPed
Feb 19 06:34:53 vccw systemd[1]: Stopping User Manager for UID 1000...
Feb 19 06:34:53 vccw systemd[2031]: Reached target Shutdown.
Feb 19 06:34:53 vccw systemd[2031]: Stopped target Default.
Feb 19 06:34:53 vccw systemd[2031]: Stopped target Basic System.
Feb 19 06:34:53 vccw systemd[2031]: Stopped target Sockets.
Feb 19 06:34:53 vccw systemd[2031]: Stopped target Timers.
Feb 19 06:34:53 vccw systemd[2031]: Starting Exit the Session...
Feb 19 06:34:53 vccw systemd[2031]: Stopped target Paths.
Feb 19 06:34:53 vccw systemd[2031]: Received SIGRTMIN+24 from PID 2453 (kill).
Feb 19 06:34:53 vccw systemd[1]: Stopped User Manager for UID 1000.
Feb 19 06:34:53 vccw systemd[1]: Removed slice User Slice of vagrant.
Feb 19 06:39:01 vccw CRON[2463]: (root) CMD (  [ -x /usr/lib/php/sessionclean ] && /usr/lib/php/sessionclean)
Feb 19 06:59:56 vccw systemd[1]: Created slice User Slice of vagrant.
Feb 19 06:59:56 vccw systemd[1]: Starting User Manager for UID 1000...
Feb 19 06:59:56 vccw systemd[1]: Started Session 9 of user vagrant.
Feb 19 06:59:56 vccw systemd[2506]: Reached target Paths.
Feb 19 06:59:56 vccw systemd[2506]: Reached target Sockets.
Feb 19 06:59:56 vccw systemd[2506]: Reached target Timers.
Feb 19 06:59:56 vccw systemd[2506]: Reached target Basic System.
Feb 19 06:59:56 vccw systemd[2506]: Reached target Default.
Feb 19 06:59:56 vccw systemd[2506]: Startup finished in 82ms.
Feb 19 06:59:56 vccw systemd[1]: Started User Manager for UID 1000.
Feb 19 07:09:01 vccw CRON[2598]: (root) CMD (  [ -x /usr/lib/php/sessionclean ] && /usr/lib/php/sessionclean)
Feb 19 07:16:46 vccw systemd[2506]: Reached target Shutdown.
Feb 19 07:16:46 vccw systemd[1]: Stopping User Manager for UID 1000...
Feb 19 07:16:46 vccw systemd[2506]: Stopped target Default.
Feb 19 07:16:46 vccw systemd[2506]: Starting Exit the Session...
Feb 19 07:16:46 vccw systemd[2506]: Stopped target Basic System.
Feb 19 07:16:46 vccw systemd[2506]: Stopped target Timers.
Feb 19 07:16:46 vccw systemd[2506]: Stopped target Paths.
Feb 19 07:16:46 vccw systemd[2506]: Stopped target Sockets.
Feb 19 07:16:47 vccw systemd[2506]: Received SIGRTMIN+24 from PID 2696 (kill).
Feb 19 07:16:47 vccw systemd[1]: Stopped User Manager for UID 1000.
Feb 19 07:16:47 vccw systemd[1]: Removed slice User Slice of vagrant.
Feb 19 07:17:01 vccw CRON[2705]: (root) CMD (   cd / && run-parts --report /etc/cron.hourly)
Feb 19 07:17:09 vccw systemd[1]: Created slice User Slice of vagrant.
Feb 19 07:17:09 vccw systemd[1]: Starting User Manager for UID 1000...
Feb 19 07:17:09 vccw systemd[1]: Started Session 12 of user vagrant.
Feb 19 07:17:10 vccw systemd[2709]: Reached target Timers.
Feb 19 07:17:10 vccw systemd[2709]: Reached target Sockets.
Feb 19 07:17:10 vccw systemd[2709]: Reached target Paths.
Feb 19 07:17:10 vccw systemd[2709]: Reached target Basic System.
Feb 19 07:17:10 vccw systemd[2709]: Reached target Default.
Feb 19 07:17:10 vccw systemd[2709]: Startup finished in 78ms.
Feb 19 07:17:10 vccw systemd[1]: Started User Manager for UID 1000.
Feb 19 07:17:14 vccw systemd[1]: Stopping ACPI event daemon...
Feb 19 07:17:14 vccw systemd[1]: Closed Load/Save RF Kill Switch Status /dev/rfkill Watch.
Feb 19 07:17:14 vccw systemd[1]: Stopped target Graphical Interface.
Feb 19 07:17:14 vccw systemd[1]: Unmounting RPC Pipe File System...
Feb 19 07:17:14 vccw systemd[1]: Stopping Authenticate and Authorize Users to Run Privileged Tasks...
Feb 19 07:17:14 vccw systemd[1]: Stopped target Timers.
Feb 19 07:17:14 vccw systemd[1]: Stopped Daily apt upgrade and clean activities.
Feb 19 07:17:14 vccw systemd[1]: Stopped Timer to automatically refresh installed snaps.
Feb 19 07:17:14 vccw systemd[1]: Stopped target Multi-User System.
Feb 19 07:17:14 vccw systemd[1]: Stopping LSB: MD monitoring daemon...
Feb 19 06:25:03 vccw rsyslogd: [origin software="rsyslogd" swVersion="8.16.0" x-pid="880" x-info="http://www.rsyslog.com"] rsyslogd was HUPed
Feb 19 07:17:15 vccw rsyslogd: [origin software="rsyslogd" swVersion="8.16.0" x-pid="880" x-info="http://www.rsyslog.com"] exiting on signal 15.
Feb 20 15:20:05 vccw rsyslogd: [origin software="rsyslogd" swVersion="8.16.0" x-pid="935" x-info="http://www.rsyslog.com"] start
Feb 20 15:20:05 vccw rsyslogd-2222: command 'KLogPermitNonKernelFacility' is currently not permitted - did you already set it via a RainerScript command (v6+ config)? [v8.16.0 try http://www.rsyslog.com/e/2222 ]
Feb 20 15:20:05 vccw rsyslogd: rsyslogd's groupid changed to 108
Feb 20 15:20:05 vccw rsyslogd: rsyslogd's userid changed to 104
Feb 20 15:20:05 vccw rsyslogd-2039: Could not open output pipe '/dev/xconsole':: No such file or directory [v8.16.0 try http://www.rsyslog.com/e/2039 ]
Feb 20 15:20:05 vccw rsyslogd-2007: action 'action 10' suspended, next retry is Tue Feb 20 15:20:35 2018 [v8.16.0 try http://www.rsyslog.com/e/2007 ]
Feb 20 15:20:05 vccw kernel: [    0.000000] Initializing cgroup subsys cpuset
Feb 20 15:20:05 vccw kernel: [    0.000000] Initializing cgroup subsys cpu
Feb 20 15:20:05 vccw kernel: [    0.000000] Initializing cgroup subsys cpuacct
Feb 20 15:20:05 vccw kernel: [    0.000000] Linux version 4.4.0-92-generic (buildd@lcy01-17) (gcc version 5.4.0 20160609 (Ubuntu 5.4.0-6ubuntu1~16.04.4) ) #115-Ubuntu SMP Thu Aug 10 09:04:33 UTC 2017 (Ubuntu 4.4.0-92.115-generic 4.4.76)
Feb 20 15:20:05 vccw kernel: [    0.000000] Command line: BOOT_IMAGE=/vmlinuz-4.4.0-92-generic root=/dev/mapper/vagrant--vg-root ro quiet
Feb 20 15:20:05 vccw kernel: [    0.000000] KERNEL supported cpus:
Feb 20 15:20:05 vccw kernel: [    0.000000]   Intel GenuineIntel
Feb 20 15:20:05 vccw kernel: [    0.000000]   AMD AuthenticAMD
Feb 20 15:20:05 vccw kernel: [    0.000000]   Centaur CentaurHauls
Feb 20 15:20:05 vccw kernel: [    0.000000] x86/fpu: Legacy x87 FPU detected.
Feb 20 15:20:05 vccw kernel: [    0.000000] x86/fpu: Using 'lazy' FPU context switches.
Feb 20 15:20:05 vccw kernel: [    0.000000] e820: BIOS-provided physical RAM map:
Feb 20 15:20:05 vccw kernel: [    0.000000] BIOS-e820: [mem 0x0000000000000000-0x000000000009fbff] usable
Feb 20 15:20:05 vccw kernel: [    0.000000] BIOS-e820: [mem 0x000000000009fc00-0x000000000009ffff] reserved
Feb 20 15:20:05 vccw kernel: [    0.000000] BIOS-e820: [mem 0x00000000000f0000-0x00000000000fffff] reserved
Feb 20 15:20:05 vccw kernel: [    0.000000] BIOS-e820: [mem 0x0000000000100000-0x000000003ffeffff] usable
Feb 20 15:20:05 vccw kernel: [    0.000000] BIOS-e820: [mem 0x000000003fff0000-0x000000003fffffff] ACPI data
Feb 20 15:20:05 vccw kernel: [    0.000000] BIOS-e820: [mem 0x00000000fffc0000-0x00000000ffffffff] reserved
Feb 20 15:20:05 vccw kernel: [    0.000000] NX (Execute Disable) protection: active
Feb 20 15:20:05 vccw kernel: [    0.000000] SMBIOS 2.5 present.
Feb 20 15:20:05 vccw kernel: [    0.000000] DMI: innotek GmbH VirtualBox/VirtualBox, BIOS VirtualBox 12/01/2006
Feb 20 15:20:05 vccw kernel: [    0.000000] Hypervisor detected: KVM
Feb 20 15:20:05 vccw kernel: [    0.000000] e820: update [mem 0x00000000-0x00000fff] usable ==> reserved
Feb 20 15:20:05 vccw kernel: [    0.000000] e820: remove [mem 0x000a0000-0x000fffff] usable
Feb 20 15:20:05 vccw kernel: [    0.000000] e820: last_pfn = 0x3fff0 max_arch_pfn = 0x400000000
Feb 20 15:20:05 vccw kernel: [    0.000000] MTRR default type: uncachable
Feb 20 15:20:05 vccw kernel: [    0.000000] MTRR variable ranges disabled:
Feb 20 15:20:05 vccw kernel: [    0.000000] MTRR: Disabled
Feb 20 15:20:05 vccw kernel: [    0.000000] x86/PAT: MTRRs disabled, skipping PAT initialization too.
Feb 20 15:20:05 vccw kernel: [    0.000000] x86/PAT: Configuration [0-7]: WB  WT  UC- UC  WB  WT  UC- UC  
Feb 20 15:20:05 vccw kernel: [    0.000000] CPU MTRRs all blank - virtualized system.
Feb 20 15:20:05 vccw kernel: [    0.000000] found SMP MP-table at [mem 0x0009fff0-0x0009ffff] mapped at [ffff88000009fff0]
Feb 20 15:20:05 vccw kernel: [    0.000000] Scanning 1 areas for low memory corruption
Feb 20 15:20:05 vccw kernel: [    0.000000] Base memory trampoline at [ffff880000099000] 99000 size 24576
Feb 20 15:20:05 vccw kernel: [    0.000000] BRK [0x0220c000, 0x0220cfff] PGTABLE
Feb 20 15:20:05 vccw kernel: [    0.000000] BRK [0x0220d000, 0x0220dfff] PGTABLE
Feb 20 15:20:05 vccw kernel: [    0.000000] BRK [0x0220e000, 0x0220efff] PGTABLE
Feb 20 15:20:05 vccw kernel: [    0.000000] BRK [0x0220f000, 0x0220ffff] PGTABLE
Feb 20 15:20:05 vccw kernel: [    0.000000] RAMDISK: [mem 0x34bc2000-0x365d8fff]
Feb 20 15:20:05 vccw kernel: [    0.000000] ACPI: Early table checksum verification disabled
Feb 20 15:20:05 vccw kernel: [    0.000000] ACPI: RSDP 0x00000000000E0000 000024 (v02 VBOX  )
Feb 20 15:20:05 vccw kernel: [    0.000000] ACPI: XSDT 0x000000003FFF0030 00003C (v01 VBOX   VBOXXSDT 00000001 ASL  00000061)
Feb 20 15:20:05 vccw kernel: [    0.000000] ACPI: FACP 0x000000003FFF00F0 0000F4 (v04 VBOX   VBOXFACP 00000001 ASL  00000061)
Feb 20 15:20:05 vccw kernel: [    0.000000] ACPI: DSDT 0x000000003FFF0470 002118 (v01 VBOX   VBOXBIOS 00000002 INTL 20160108)
Feb 20 15:20:05 vccw kernel: [    0.000000] ACPI: FACS 0x000000003FFF0200 000040
Feb 20 15:20:05 vccw kernel: [    0.000000] ACPI: FACS 0x000000003FFF0200 000040
Feb 20 15:20:05 vccw kernel: [    0.000000] ACPI: APIC 0x000000003FFF0240 000054 (v02 VBOX   VBOXAPIC 00000001 ASL  00000061)
Feb 20 15:20:05 vccw kernel: [    0.000000] ACPI: SSDT 0x000000003FFF02A0 0001CC (v01 VBOX   VBOXCPUT 00000002 INTL 20160108)
Feb 20 15:20:05 vccw kernel: [    0.000000] ACPI: Local APIC address 0xfee00000
Feb 20 15:20:05 vccw kernel: [    0.000000] No NUMA configuration found
Feb 20 15:20:05 vccw kernel: [    0.000000] Faking a node at [mem 0x0000000000000000-0x000000003ffeffff]
Feb 20 15:20:05 vccw kernel: [    0.000000] NODE_DATA(0) allocated [mem 0x3ffeb000-0x3ffeffff]
Feb 20 15:20:05 vccw kernel: [    0.000000] kvm-clock: Using msrs 4b564d01 and 4b564d00
Feb 20 15:20:05 vccw kernel: [    0.000000] kvm-clock: cpu 0, msr 0:3ffe3001, primary cpu clock
Feb 20 15:20:05 vccw kernel: [    0.000000] kvm-clock: using sched offset of 5461991479 cycles
Feb 20 15:20:05 vccw kernel: [    0.000000] clocksource: kvm-clock: mask: 0xffffffffffffffff max_cycles: 0x1cd42e4dffb, max_idle_ns: 881590591483 ns
Feb 20 15:20:05 vccw kernel: [    0.000000] Zone ranges:
Feb 20 15:20:05 vccw kernel: [    0.000000]   DMA      [mem 0x0000000000001000-0x0000000000ffffff]
Feb 20 15:20:05 vccw kernel: [    0.000000]   DMA32    [mem 0x0000000001000000-0x000000003ffeffff]
Feb 20 15:20:05 vccw kernel: [    0.000000]   Normal   empty
Feb 20 15:20:05 vccw kernel: [    0.000000]   Device   empty
Feb 20 15:20:05 vccw kernel: [    0.000000] Movable zone start for each node
Feb 20 15:20:05 vccw kernel: [    0.000000] Early memory node ranges
Feb 20 15:20:05 vccw kernel: [    0.000000]   node   0: [mem 0x0000000000001000-0x000000000009efff]
Feb 20 15:20:05 vccw kernel: [    0.000000]   node   0: [mem 0x0000000000100000-0x000000003ffeffff]
Feb 20 15:20:05 vccw kernel: [    0.000000] Initmem setup node 0 [mem 0x0000000000001000-0x000000003ffeffff]
Feb 20 15:20:05 vccw kernel: [    0.000000] On node 0 totalpages: 262030
Feb 20 15:20:05 vccw kernel: [    0.000000]   DMA zone: 64 pages used for memmap
Feb 20 15:20:05 vccw kernel: [    0.000000]   DMA zone: 21 pages reserved
Feb 20 15:20:05 vccw kernel: [    0.000000]   DMA zone: 3998 pages, LIFO batch:0
Feb 20 15:20:05 vccw kernel: [    0.000000]   DMA32 zone: 4032 pages used for memmap
Feb 20 15:20:05 vccw kernel: [    0.000000]   DMA32 zone: 258032 pages, LIFO batch:31
Feb 20 15:20:05 vccw kernel: [    0.000000] ACPI: PM-Timer IO Port: 0x4008
Feb 20 15:20:05 vccw kernel: [    0.000000] ACPI: Local APIC address 0xfee00000
Feb 20 15:20:05 vccw kernel: [    0.000000] IOAPIC[0]: apic_id 1, version 17, address 0xfec00000, GSI 0-23
Feb 20 15:20:05 vccw kernel: [    0.000000] ACPI: INT_SRC_OVR (bus 0 bus_irq 0 global_irq 2 dfl dfl)
Feb 20 15:20:05 vccw kernel: [    0.000000] ACPI: INT_SRC_OVR (bus 0 bus_irq 9 global_irq 9 high level)
Feb 20 15:20:05 vccw kernel: [    0.000000] ACPI: IRQ0 used by override.
Feb 20 15:20:05 vccw kernel: [    0.000000] ACPI: IRQ9 used by override.
Feb 20 15:20:05 vccw kernel: [    0.000000] Using ACPI (MADT) for SMP configuration information
Feb 20 15:20:05 vccw kernel: [    0.000000] smpboot: Allowing 1 CPUs, 0 hotplug CPUs
Feb 20 15:20:05 vccw kernel: [    0.000000] PM: Registered nosave memory: [mem 0x00000000-0x00000fff]
Feb 20 15:20:05 vccw kernel: [    0.000000] PM: Registered nosave memory: [mem 0x0009f000-0x0009ffff]
Feb 20 15:20:05 vccw kernel: [    0.000000] PM: Registered nosave memory: [mem 0x000a0000-0x000effff]
Feb 20 15:20:05 vccw kernel: [    0.000000] PM: Registered nosave memory: [mem 0x000f0000-0x000fffff]
Feb 20 15:20:05 vccw kernel: [    0.000000] e820: [mem 0x40000000-0xfffbffff] available for PCI devices
Feb 20 15:20:05 vccw kernel: [    0.000000] Booting paravirtualized kernel on KVM
Feb 20 15:20:05 vccw kernel: [    0.000000] clocksource: refined-jiffies: mask: 0xffffffff max_cycles: 0xffffffff, max_idle_ns: 7645519600211568 ns
Feb 20 15:20:05 vccw kernel: [    0.000000] setup_percpu: NR_CPUS:512 nr_cpumask_bits:512 nr_cpu_ids:1 nr_node_ids:1
Feb 20 15:20:05 vccw kernel: [    0.000000] PERCPU: Embedded 33 pages/cpu @ffff88003fc00000 s98264 r8192 d28712 u2097152
Feb 20 15:20:05 vccw kernel: [    0.000000] pcpu-alloc: s98264 r8192 d28712 u2097152 alloc=1*2097152
Feb 20 15:20:05 vccw kernel: [    0.000000] pcpu-alloc: [0] 0 
Feb 20 15:20:05 vccw kernel: [    0.000000] PV qspinlock hash table entries: 256 (order: 0, 4096 bytes)
Feb 20 15:20:05 vccw kernel: [    0.000000] Built 1 zonelists in Node order, mobility grouping on.  Total pages: 257913
Feb 20 15:20:05 vccw kernel: [    0.000000] Policy zone: DMA32
Feb 20 15:20:05 vccw kernel: [    0.000000] Kernel command line: BOOT_IMAGE=/vmlinuz-4.4.0-92-generic root=/dev/mapper/vagrant--vg-root ro quiet
Feb 20 15:20:05 vccw kernel: [    0.000000] PID hash table entries: 4096 (order: 3, 32768 bytes)
Feb 20 15:20:05 vccw kernel: [    0.000000] Calgary: detecting Calgary via BIOS EBDA area
Feb 20 15:20:05 vccw kernel: [    0.000000] Calgary: Unable to locate Rio Grande table in EBDA - bailing!
Feb 20 15:20:05 vccw kernel: [    0.000000] Memory: 985992K/1048120K available (8474K kernel code, 1294K rwdata, 3984K rodata, 1488K init, 1316K bss, 62128K reserved, 0K cma-reserved)
Feb 20 15:20:05 vccw kernel: [    0.000000] SLUB: HWalign=64, Order=0-3, MinObjects=0, CPUs=1, Nodes=1
Feb 20 15:20:05 vccw kernel: [    0.000000] Hierarchical RCU implementation.
Feb 20 15:20:05 vccw kernel: [    0.000000] 	Build-time adjustment of leaf fanout to 64.
Feb 20 15:20:05 vccw kernel: [    0.000000] 	RCU restricting CPUs from NR_CPUS=512 to nr_cpu_ids=1.
Feb 20 15:20:05 vccw kernel: [    0.000000] RCU: Adjusting geometry for rcu_fanout_leaf=64, nr_cpu_ids=1
Feb 20 15:20:05 vccw kernel: [    0.000000] NR_IRQS:33024 nr_irqs:256 16
Feb 20 15:20:05 vccw kernel: [    0.000000] Console: colour VGA+ 80x25
Feb 20 15:20:05 vccw kernel: [    0.000000] console [tty0] enabled
Feb 20 15:20:05 vccw kernel: [    0.000000] tsc: Detected 1599.948 MHz processor
Feb 20 15:20:05 vccw kernel: [    0.111954] Calibrating delay loop (skipped) preset value.. 3199.89 BogoMIPS (lpj=6399792)
Feb 20 15:20:05 vccw kernel: [    0.111961] pid_max: default: 32768 minimum: 301
Feb 20 15:20:05 vccw kernel: [    0.111972] ACPI: Core revision 20150930
Feb 20 15:20:05 vccw kernel: [    0.114450] ACPI: 2 ACPI AML tables successfully acquired and loaded
Feb 20 15:20:05 vccw kernel: [    0.114488] Security Framework initialized
Feb 20 15:20:05 vccw kernel: [    0.114493] Yama: becoming mindful.
Feb 20 15:20:05 vccw kernel: [    0.114524] AppArmor: AppArmor initialized
Feb 20 15:20:05 vccw kernel: [    0.114683] Dentry cache hash table entries: 131072 (order: 8, 1048576 bytes)
Feb 20 15:20:05 vccw kernel: [    0.115149] Inode-cache hash table entries: 65536 (order: 7, 524288 bytes)
Feb 20 15:20:05 vccw kernel: [    0.115376] Mount-cache hash table entries: 2048 (order: 2, 16384 bytes)
Feb 20 15:20:05 vccw kernel: [    0.115385] Mountpoint-cache hash table entries: 2048 (order: 2, 16384 bytes)
Feb 20 15:20:05 vccw kernel: [    0.115971] Initializing cgroup subsys io
Feb 20 15:20:05 vccw kernel: [    0.115983] Initializing cgroup subsys memory
Feb 20 15:20:05 vccw kernel: [    0.116000] Initializing cgroup subsys devices
Feb 20 15:20:05 vccw kernel: [    0.116006] Initializing cgroup subsys freezer
Feb 20 15:20:05 vccw kernel: [    0.116011] Initializing cgroup subsys net_cls
Feb 20 15:20:05 vccw kernel: [    0.116016] Initializing cgroup subsys perf_event
Feb 20 15:20:05 vccw kernel: [    0.116021] Initializing cgroup subsys net_prio
Feb 20 15:20:05 vccw kernel: [    0.116030] Initializing cgroup subsys hugetlb
Feb 20 15:20:05 vccw kernel: [    0.116035] Initializing cgroup subsys pids
Feb 20 15:20:05 vccw kernel: [    0.116238] CPU: Physical Processor ID: 0
Feb 20 15:20:05 vccw kernel: [    0.121715] mce: CPU supports 0 MCE banks
Feb 20 15:20:05 vccw kernel: [    0.121774] process: using mwait in idle threads
Feb 20 15:20:05 vccw kernel: [    0.121789] Last level iTLB entries: 4KB 48, 2MB 0, 4MB 0
Feb 20 15:20:05 vccw kernel: [    0.121793] Last level dTLB entries: 4KB 256, 2MB 16, 4MB 16, 1GB 0
Feb 20 15:20:05 vccw kernel: [    0.168050] Freeing SMP alternatives memory: 32K (ffffffff820b9000 - ffffffff820c1000)
Feb 20 15:20:05 vccw kernel: [    0.191286] ftrace: allocating 32131 entries in 126 pages
Feb 20 15:20:05 vccw kernel: [    0.318901] smpboot: APIC(0) Converting physical 0 to logical package 0
Feb 20 15:20:05 vccw kernel: [    0.318907] smpboot: Max logical packages: 1
Feb 20 15:20:05 vccw kernel: [    0.322200] ..TIMER: vector=0x30 apic1=0 pin1=2 apic2=-1 pin2=-1
Feb 20 15:20:05 vccw kernel: [    0.412098] APIC calibration not consistent with PM-Timer: 96ms instead of 100ms
Feb 20 15:20:05 vccw kernel: [    0.412102] APIC delta adjusted to PM-Timer: 6770000 (6502381)
Feb 20 15:20:05 vccw kernel: [    0.412288] smpboot: CPU0: Intel(R) Celeron(R) CPU  N3050  @ 1.60GHz (family: 0x6, model: 0x4c, stepping: 0x3)
Feb 20 15:20:05 vccw kernel: [    0.412332] Performance Events: unsupported p6 CPU model 76 no PMU driver, software events only.
Feb 20 15:20:05 vccw kernel: [    0.412399] KVM setup paravirtual spinlock
Feb 20 15:20:05 vccw kernel: [    0.413727] x86: Booted up 1 node, 1 CPUs
Feb 20 15:20:05 vccw kernel: [    0.413733] smpboot: Total of 1 processors activated (3199.89 BogoMIPS)
Feb 20 15:20:05 vccw kernel: [    0.414480] devtmpfs: initialized
Feb 20 15:20:05 vccw kernel: [    0.420767] evm: security.selinux
Feb 20 15:20:05 vccw kernel: [    0.420770] evm: security.SMACK64
Feb 20 15:20:05 vccw kernel: [    0.420772] evm: security.SMACK64EXEC
Feb 20 15:20:05 vccw kernel: [    0.420774] evm: security.SMACK64TRANSMUTE
Feb 20 15:20:05 vccw kernel: [    0.420776] evm: security.SMACK64MMAP
Feb 20 15:20:05 vccw kernel: [    0.420778] evm: security.ima
Feb 20 15:20:05 vccw kernel: [    0.420780] evm: security.capability
Feb 20 15:20:05 vccw kernel: [    0.421015] clocksource: jiffies: mask: 0xffffffff max_cycles: 0xffffffff, max_idle_ns: 7645041785100000 ns
Feb 20 15:20:05 vccw kernel: [    0.421089] futex hash table entries: 256 (order: 2, 16384 bytes)
Feb 20 15:20:05 vccw kernel: [    0.421251] pinctrl core: initialized pinctrl subsystem
Feb 20 15:20:05 vccw kernel: [    0.421504] RTC time:  6:19:44, date: 02/20/18
Feb 20 15:20:05 vccw kernel: [    0.421819] NET: Registered protocol family 16
Feb 20 15:20:05 vccw kernel: [    0.422150] cpuidle: using governor ladder
Feb 20 15:20:05 vccw kernel: [    0.422156] cpuidle: using governor menu
Feb 20 15:20:05 vccw kernel: [    0.422161] PCCT header not found.
Feb 20 15:20:05 vccw kernel: [    0.422276] ACPI: bus type PCI registered
Feb 20 15:20:05 vccw kernel: [    0.422281] acpiphp: ACPI Hot Plug PCI Controller Driver version: 0.5
Feb 20 15:20:05 vccw kernel: [    0.422515] PCI: Using configuration type 1 for base access
Feb 20 15:20:05 vccw kernel: [    0.427829] ACPI: Added _OSI(Module Device)
Feb 20 15:20:05 vccw kernel: [    0.427836] ACPI: Added _OSI(Processor Device)
Feb 20 15:20:05 vccw kernel: [    0.427839] ACPI: Added _OSI(3.0 _SCP Extensions)
Feb 20 15:20:05 vccw kernel: [    0.427841] ACPI: Added _OSI(Processor Aggregator Device)
Feb 20 15:20:05 vccw kernel: [    0.429566] ACPI: Executed 1 blocks of module-level executable AML code
Feb 20 15:20:05 vccw kernel: [    0.434430] ACPI: Interpreter enabled
Feb 20 15:20:05 vccw kernel: [    0.434451] ACPI: (supports S0 S5)
Feb 20 15:20:05 vccw kernel: [    0.434456] ACPI: Using IOAPIC for interrupt routing
Feb 20 15:20:05 vccw kernel: [    0.434904] PCI: Using host bridge windows from ACPI; if necessary, use "pci=nocrs" and report a bug
Feb 20 15:20:05 vccw kernel: [    0.444891] ACPI: PCI Root Bridge [PCI0] (domain 0000 [bus 00-ff])
Feb 20 15:20:05 vccw kernel: [    0.444904] acpi PNP0A03:00: _OSC: OS supports [ASPM ClockPM Segments MSI]
Feb 20 15:20:05 vccw kernel: [    0.444914] acpi PNP0A03:00: _OSC failed (AE_NOT_FOUND); disabling ASPM
Feb 20 15:20:05 vccw kernel: [    0.444930] acpi PNP0A03:00: fail to add MMCONFIG information, can't access extended PCI configuration space under this bridge.
Feb 20 15:20:05 vccw kernel: [    0.445609] PCI host bridge to bus 0000:00
Feb 20 15:20:05 vccw kernel: [    0.445617] pci_bus 0000:00: root bus resource [io  0x0000-0x0cf7 window]
Feb 20 15:20:05 vccw kernel: [    0.445621] pci_bus 0000:00: root bus resource [io  0x0d00-0xffff window]
Feb 20 15:20:05 vccw kernel: [    0.445625] pci_bus 0000:00: root bus resource [mem 0x000a0000-0x000bffff window]
Feb 20 15:20:05 vccw kernel: [    0.445628] pci_bus 0000:00: root bus resource [mem 0x40000000-0xffdfffff window]
Feb 20 15:20:05 vccw kernel: [    0.445633] pci_bus 0000:00: root bus resource [bus 00-ff]
Feb 20 15:20:05 vccw kernel: [    0.445731] pci 0000:00:00.0: [8086:1237] type 00 class 0x060000
Feb 20 15:20:05 vccw kernel: [    0.447050] pci 0000:00:01.0: [8086:7000] type 00 class 0x060100
Feb 20 15:20:05 vccw kernel: [    0.448648] pci 0000:00:01.1: [8086:7111] type 00 class 0x01018a
Feb 20 15:20:05 vccw kernel: [    0.449620] pci 0000:00:01.1: reg 0x20: [io  0xd000-0xd00f]
Feb 20 15:20:05 vccw kernel: [    0.450032] pci 0000:00:01.1: legacy IDE quirk: reg 0x10: [io  0x01f0-0x01f7]
Feb 20 15:20:05 vccw kernel: [    0.450037] pci 0000:00:01.1: legacy IDE quirk: reg 0x14: [io  0x03f6]
Feb 20 15:20:05 vccw kernel: [    0.450040] pci 0000:00:01.1: legacy IDE quirk: reg 0x18: [io  0x0170-0x0177]
Feb 20 15:20:05 vccw kernel: [    0.450044] pci 0000:00:01.1: legacy IDE quirk: reg 0x1c: [io  0x0376]
Feb 20 15:20:05 vccw kernel: [    0.450565] pci 0000:00:02.0: [80ee:beef] type 00 class 0x030000
Feb 20 15:20:05 vccw kernel: [    0.453193] pci 0000:00:02.0: reg 0x10: [mem 0xe0000000-0xe07fffff pref]
Feb 20 15:20:05 vccw kernel: [    0.467854] pci 0000:00:03.0: [8086:100e] type 00 class 0x020000
Feb 20 15:20:05 vccw kernel: [    0.470174] pci 0000:00:03.0: reg 0x10: [mem 0xf0000000-0xf001ffff]
Feb 20 15:20:05 vccw kernel: [    0.474098] pci 0000:00:03.0: reg 0x18: [io  0xd010-0xd017]
Feb 20 15:20:05 vccw kernel: [    0.482836] pci 0000:00:04.0: [80ee:cafe] type 00 class 0x088000
Feb 20 15:20:05 vccw kernel: [    0.484864] pci 0000:00:04.0: reg 0x10: [io  0xd020-0xd03f]
Feb 20 15:20:05 vccw kernel: [    0.486924] pci 0000:00:04.0: reg 0x14: [mem 0xf0400000-0xf07fffff]
Feb 20 15:20:05 vccw kernel: [    0.488903] pci 0000:00:04.0: reg 0x18: [mem 0xf0800000-0xf0803fff pref]
Feb 20 15:20:05 vccw kernel: [    0.497520] pci 0000:00:05.0: [8086:2415] type 00 class 0x040100
Feb 20 15:20:05 vccw kernel: [    0.497841] pci 0000:00:05.0: reg 0x10: [io  0xd100-0xd1ff]
Feb 20 15:20:05 vccw kernel: [    0.498011] pci 0000:00:05.0: reg 0x14: [io  0xd200-0xd23f]
Feb 20 15:20:05 vccw kernel: [    0.499446] pci 0000:00:07.0: [8086:7113] type 00 class 0x068000
Feb 20 15:20:05 vccw kernel: [    0.501356] pci 0000:00:08.0: [8086:100e] type 00 class 0x020000
Feb 20 15:20:05 vccw kernel: [    0.503732] pci 0000:00:08.0: reg 0x10: [mem 0xf0820000-0xf083ffff]
Feb 20 15:20:05 vccw kernel: [    0.507398] pci 0000:00:08.0: reg 0x18: [io  0xd240-0xd247]
Feb 20 15:20:05 vccw kernel: [    0.516477] pci 0000:00:0d.0: [8086:2829] type 00 class 0x010601
Feb 20 15:20:05 vccw kernel: [    0.518632] pci 0000:00:0d.0: reg 0x10: [io  0xd248-0xd24f]
Feb 20 15:20:05 vccw kernel: [    0.522531] pci 0000:00:0d.0: reg 0x18: [io  0xd258-0xd25f]
Feb 20 15:20:05 vccw kernel: [    0.526465] pci 0000:00:0d.0: reg 0x20: [io  0xd270-0xd27f]
Feb 20 15:20:05 vccw kernel: [    0.528411] pci 0000:00:0d.0: reg 0x24: [mem 0xf0840000-0xf0841fff]
Feb 20 15:20:05 vccw kernel: [    0.534178] ACPI: PCI Interrupt Link [LNKA] (IRQs 5 9 10 *11)
Feb 20 15:20:05 vccw kernel: [    0.534797] ACPI: PCI Interrupt Link [LNKB] (IRQs 5 9 10 *11)
Feb 20 15:20:05 vccw kernel: [    0.535038] ACPI: PCI Interrupt Link [LNKC] (IRQs 5 9 *10 11)
Feb 20 15:20:05 vccw kernel: [    0.535278] ACPI: PCI Interrupt Link [LNKD] (IRQs 5 *9 10 11)
Feb 20 15:20:05 vccw kernel: [    0.535614] ACPI: Enabled 2 GPEs in block 00 to 07
Feb 20 15:20:05 vccw kernel: [    0.536209] vgaarb: setting as boot device: PCI:0000:00:02.0
Feb 20 15:20:05 vccw kernel: [    0.536215] vgaarb: device added: PCI:0000:00:02.0,decodes=io+mem,owns=io+mem,locks=none
Feb 20 15:20:05 vccw kernel: [    0.536220] vgaarb: loaded
Feb 20 15:20:05 vccw kernel: [    0.536223] vgaarb: bridge control possible 0000:00:02.0
Feb 20 15:20:05 vccw kernel: [    0.536813] SCSI subsystem initialized
Feb 20 15:20:05 vccw kernel: [    0.536955] libata version 3.00 loaded.
Feb 20 15:20:05 vccw kernel: [    0.537034] ACPI: bus type USB registered
Feb 20 15:20:05 vccw kernel: [    0.537100] usbcore: registered new interface driver usbfs
Feb 20 15:20:05 vccw kernel: [    0.537128] usbcore: registered new interface driver hub
Feb 20 15:20:05 vccw kernel: [    0.537156] usbcore: registered new device driver usb
Feb 20 15:20:05 vccw kernel: [    0.537518] PCI: Using ACPI for IRQ routing
Feb 20 15:20:05 vccw kernel: [    0.537523] PCI: pci_cache_line_size set to 64 bytes
Feb 20 15:20:05 vccw kernel: [    0.538028] e820: reserve RAM buffer [mem 0x0009fc00-0x0009ffff]
Feb 20 15:20:05 vccw kernel: [    0.538042] e820: reserve RAM buffer [mem 0x3fff0000-0x3fffffff]
Feb 20 15:20:05 vccw kernel: [    0.538343] NetLabel: Initializing
Feb 20 15:20:05 vccw kernel: [    0.538346] NetLabel:  domain hash size = 128
Feb 20 15:20:05 vccw kernel: [    0.538348] NetLabel:  protocols = UNLABELED CIPSOv4
Feb 20 15:20:05 vccw kernel: [    0.538371] NetLabel:  unlabeled traffic allowed by default
Feb 20 15:20:05 vccw kernel: [    0.538598] amd_nb: Cannot enumerate AMD northbridges
Feb 20 15:20:05 vccw kernel: [    0.538626] clocksource: Switched to clocksource kvm-clock
Feb 20 15:20:05 vccw kernel: [    0.555324] AppArmor: AppArmor Filesystem Enabled
Feb 20 15:20:05 vccw kernel: [    0.555467] pnp: PnP ACPI init
Feb 20 15:20:05 vccw kernel: [    0.555701] pnp 00:00: Plug and Play ACPI device, IDs PNP0303 (active)
Feb 20 15:20:05 vccw kernel: [    0.555965] pnp 00:01: Plug and Play ACPI device, IDs PNP0f03 (active)
Feb 20 15:20:05 vccw kernel: [    0.557597] pnp: PnP ACPI: found 2 devices
Feb 20 15:20:05 vccw kernel: [    0.566370] clocksource: acpi_pm: mask: 0xffffff max_cycles: 0xffffff, max_idle_ns: 2085701024 ns
Feb 20 15:20:05 vccw kernel: [    0.566404] pci_bus 0000:00: resource 4 [io  0x0000-0x0cf7 window]
Feb 20 15:20:05 vccw kernel: [    0.566409] pci_bus 0000:00: resource 5 [io  0x0d00-0xffff window]
Feb 20 15:20:05 vccw kernel: [    0.566412] pci_bus 0000:00: resource 6 [mem 0x000a0000-0x000bffff window]
Feb 20 15:20:05 vccw kernel: [    0.566416] pci_bus 0000:00: resource 7 [mem 0x40000000-0xffdfffff window]
Feb 20 15:20:05 vccw kernel: [    0.566494] NET: Registered protocol family 2
Feb 20 15:20:05 vccw kernel: [    0.566895] TCP established hash table entries: 8192 (order: 4, 65536 bytes)
Feb 20 15:20:05 vccw kernel: [    0.566935] TCP bind hash table entries: 8192 (order: 5, 131072 bytes)
Feb 20 15:20:05 vccw kernel: [    0.566990] TCP: Hash tables configured (established 8192 bind 8192)
Feb 20 15:20:05 vccw kernel: [    0.567067] UDP hash table entries: 512 (order: 2, 16384 bytes)
Feb 20 15:20:05 vccw kernel: [    0.567080] UDP-Lite hash table entries: 512 (order: 2, 16384 bytes)
Feb 20 15:20:05 vccw kernel: [    0.567177] NET: Registered protocol family 1
Feb 20 15:20:05 vccw kernel: [    0.567208] pci 0000:00:00.0: Limiting direct PCI/PCI transfers
Feb 20 15:20:05 vccw kernel: [    0.567414] pci 0000:00:01.0: Activating ISA DMA hang workarounds
Feb 20 15:20:05 vccw kernel: [    0.567491] pci 0000:00:02.0: Video device with shadowed ROM
Feb 20 15:20:05 vccw kernel: [    0.567693] PCI: CLS 0 bytes, default 64
Feb 20 15:20:05 vccw kernel: [    0.567846] Unpacking initramfs...
Feb 20 15:20:05 vccw kernel: [    1.493804] Freeing initrd memory: 26716K (ffff880034bc2000 - ffff8800365d9000)
Feb 20 15:20:05 vccw kernel: [    1.494870] platform rtc_cmos: registered platform RTC device (no PNP device found)
Feb 20 15:20:05 vccw kernel: [    1.494934] Scanning for low memory corruption every 60 seconds
Feb 20 15:20:05 vccw kernel: [    1.495571] audit: initializing netlink subsys (disabled)
Feb 20 15:20:05 vccw kernel: [    1.495647] audit: type=2000 audit(1519107592.614:1): initialized
Feb 20 15:20:05 vccw kernel: [    1.496117] Initialise system trusted keyring
Feb 20 15:20:05 vccw kernel: [    1.496345] HugeTLB registered 2 MB page size, pre-allocated 0 pages
Feb 20 15:20:05 vccw kernel: [    1.499280] zbud: loaded
Feb 20 15:20:05 vccw kernel: [    1.499680] VFS: Disk quotas dquot_6.6.0
Feb 20 15:20:05 vccw kernel: [    1.499756] VFS: Dquot-cache hash table entries: 512 (order 0, 4096 bytes)
Feb 20 15:20:05 vccw kernel: [    1.500307] squashfs: version 4.0 (2009/01/31) Phillip Lougher
Feb 20 15:20:05 vccw kernel: [    1.501024] fuse init (API version 7.23)
Feb 20 15:20:05 vccw kernel: [    1.501309] Key type big_key registered
Feb 20 15:20:05 vccw kernel: [    1.501341] Allocating IMA MOK and blacklist keyrings.
Feb 20 15:20:05 vccw kernel: [    1.502035] Key type asymmetric registered
Feb 20 15:20:05 vccw kernel: [    1.502053] Asymmetric key parser 'x509' registered
Feb 20 15:20:05 vccw kernel: [    1.502144] Block layer SCSI generic (bsg) driver version 0.4 loaded (major 249)
Feb 20 15:20:05 vccw kernel: [    1.502212] io scheduler noop registered
Feb 20 15:20:05 vccw kernel: [    1.502218] io scheduler deadline registered (default)
Feb 20 15:20:05 vccw kernel: [    1.502286] io scheduler cfq registered
Feb 20 15:20:05 vccw kernel: [    1.502506] pci_hotplug: PCI Hot Plug PCI Core version: 0.5
Feb 20 15:20:05 vccw kernel: [    1.502521] pciehp: PCI Express Hot Plug Controller Driver version: 0.4
Feb 20 15:20:05 vccw kernel: [    1.502906] ACPI: AC Adapter [AC] (on-line)
Feb 20 15:20:05 vccw kernel: [    1.503024] input: Power Button as /devices/LNXSYSTM:00/LNXPWRBN:00/input/input0
Feb 20 15:20:05 vccw kernel: [    1.503032] ACPI: Power Button [PWRF]
Feb 20 15:20:05 vccw kernel: [    1.503184] input: Sleep Button as /devices/LNXSYSTM:00/LNXSLPBN:00/input/input1
Feb 20 15:20:05 vccw kernel: [    1.503190] ACPI: Sleep Button [SLPF]
Feb 20 15:20:05 vccw kernel: [    1.503496] GHES: HEST is not enabled!
Feb 20 15:20:05 vccw kernel: [    1.505336] ACPI: Battery Slot [BAT0] (battery present)
Feb 20 15:20:05 vccw kernel: [    1.505436] Serial: 8250/16550 driver, 32 ports, IRQ sharing enabled
Feb 20 15:20:05 vccw kernel: [    1.510214] Linux agpgart interface v0.103
Feb 20 15:20:05 vccw kernel: [    1.513116] loop: module loaded
Feb 20 15:20:05 vccw kernel: [    1.513409] ata_piix 0000:00:01.1: version 2.13
Feb 20 15:20:05 vccw kernel: [    1.514509] scsi host0: ata_piix
Feb 20 15:20:05 vccw kernel: [    1.515007] scsi host1: ata_piix
Feb 20 15:20:05 vccw kernel: [    1.515096] ata1: PATA max UDMA/33 cmd 0x1f0 ctl 0x3f6 bmdma 0xd000 irq 14
Feb 20 15:20:05 vccw kernel: [    1.515100] ata2: PATA max UDMA/33 cmd 0x170 ctl 0x376 bmdma 0xd008 irq 15
Feb 20 15:20:05 vccw kernel: [    1.515279] libphy: Fixed MDIO Bus: probed
Feb 20 15:20:05 vccw kernel: [    1.515286] tun: Universal TUN/TAP device driver, 1.6
Feb 20 15:20:05 vccw kernel: [    1.515289] tun: (C) 1999-2004 Max Krasnyansky <maxk@qualcomm.com>
Feb 20 15:20:05 vccw systemd-modules-load[379]: Inserted module 'iscsi_tcp'
Feb 20 15:20:05 vccw systemd[1]: Starting Flush Journal to Persistent Storage...
Feb 20 15:20:05 vccw systemd[1]: Started Load/Save Random Seed.
Feb 20 15:20:05 vccw systemd[1]: Mounted RPC Pipe File System.
Feb 20 15:20:05 vccw systemd[1]: Started Flush Journal to Persistent Storage.
Feb 20 15:20:05 vccw systemd-modules-load[379]: Inserted module 'ib_iser'
Feb 20 15:20:05 vccw systemd[1]: Started Load Kernel Modules.
Feb 20 15:20:05 vccw systemd[1]: Mounting FUSE Control File System...
Feb 20 15:20:05 vccw systemd[1]: Starting Apply Kernel Variables...
Feb 20 15:20:05 vccw systemd[1]: Mounted FUSE Control File System.
Feb 20 15:20:05 vccw systemd[1]: Started udev Coldplug all Devices.
Feb 20 15:20:05 vccw loadkeys[354]: Loading /etc/console-setup/cached.kmap.gz
Feb 20 15:20:05 vccw systemd[1]: Started Set console keymap.
Feb 20 15:20:05 vccw systemd[1]: Started Create Static Device Nodes in /dev.
Feb 20 15:20:05 vccw systemd[1]: Starting udev Kernel Device Manager...
Feb 20 15:20:05 vccw systemd[1]: Started Apply Kernel Variables.
Feb 20 15:20:05 vccw lvm[359]:   2 logical volume(s) in volume group "vagrant-vg" monitored
Feb 20 15:20:05 vccw systemd[1]: Started Monitoring of LVM2 mirrors, snapshots etc. using dmeventd or progress polling.
Feb 20 15:20:05 vccw systemd[1]: Reached target Local File Systems (Pre).
Feb 20 15:20:05 vccw systemd[1]: Started udev Kernel Device Manager.
Feb 20 15:20:05 vccw systemd[1]: Started Dispatch Password Requests to Console Directory Watch.
Feb 20 15:20:05 vccw systemd[1]: Found device 82540EM Gigabit Ethernet Controller (PRO/1000 MT Desktop Adapter).
Feb 20 15:20:05 vccw systemd[1]: Found device 82540EM Gigabit Ethernet Controller (PRO/1000 MT Desktop Adapter).
Feb 20 15:20:05 vccw systemd[1]: Listening on Load/Save RF Kill Switch Status /dev/rfkill Watch.
Feb 20 15:20:05 vccw systemd-udevd[475]: Process '/lib/udev/hdparm' failed with exit code 5.
Feb 20 15:20:05 vccw systemd[1]: Reached target Sound Card.
Feb 20 15:20:05 vccw systemd[1]: Found device VBOX_HARDDISK 1.
Feb 20 15:20:05 vccw systemd[1]: Starting File System Check on /dev/disk/by-uuid/a6b1e373-828a-449a-8114-f80d364f1165...
Feb 20 15:20:05 vccw systemd[1]: Found device /dev/mapper/vagrant--vg-swap_1.
Feb 20 15:20:05 vccw systemd[1]: Activating swap /dev/mapper/vagrant--vg-swap_1...
Feb 20 15:20:05 vccw systemd[1]: Started File System Check Daemon to report status.
Feb 20 15:20:05 vccw systemd[1]: Activated swap /dev/mapper/vagrant--vg-swap_1.
Feb 20 15:20:05 vccw systemd[1]: Reached target Swap.
Feb 20 15:20:05 vccw systemd-fsck[699]: /dev/sda1: clean, 303/124928 files, 64062/498688 blocks
Feb 20 15:20:05 vccw systemd[1]: Started File System Check on /dev/disk/by-uuid/a6b1e373-828a-449a-8114-f80d364f1165.
Feb 20 15:20:05 vccw systemd[1]: Mounting /boot...
Feb 20 15:20:05 vccw systemd[1]: Mounted /boot.
Feb 20 15:20:05 vccw systemd[1]: Reached target Local File Systems.
Feb 20 15:20:05 vccw systemd[1]: Starting LSB: AppArmor initialization...
Feb 20 15:20:05 vccw systemd[1]: Starting Preprocess NFS configuration...
Feb 20 15:20:05 vccw systemd[1]: Starting Tell Plymouth To Write Out Runtime Data...
Feb 20 15:20:05 vccw systemd[1]: Starting Create Volatile Files and Directories...
Feb 20 15:20:05 vccw systemd[1]: Starting Set console font and keymap...
Feb 20 15:20:05 vccw systemd-tmpfiles[726]: [/usr/lib/tmpfiles.d/var.conf:14] Duplicate line for path "/var/log", ignoring.
Feb 20 15:20:05 vccw systemd[1]: Started Preprocess NFS configuration.
Feb 20 15:20:05 vccw systemd[1]: Started Tell Plymouth To Write Out Runtime Data.
Feb 20 15:20:05 vccw systemd[1]: Reached target NFS client services.
Feb 20 15:20:05 vccw apparmor[717]:  * Starting AppArmor profiles
Feb 20 15:20:05 vccw systemd[1]: Started Create Volatile Files and Directories.
Feb 20 15:20:05 vccw systemd[1]: Starting Update UTMP about System Boot/Shutdown...
Feb 20 15:20:05 vccw systemd[1]: Reached target System Time Synchronized.
Feb 20 15:20:05 vccw systemd[1]: Started Update UTMP about System Boot/Shutdown.
Feb 20 15:20:05 vccw systemd[1]: Started Set console font and keymap.
Feb 20 15:20:05 vccw systemd[1]: Created slice system-getty.slice.
Feb 20 15:20:05 vccw apparmor[717]: Skipping profile in /etc/apparmor.d/disable: usr.sbin.rsyslogd
Feb 20 15:20:05 vccw apparmor[717]:    ...done.
Feb 20 15:20:05 vccw systemd[1]: Started LSB: AppArmor initialization.
Feb 20 15:20:05 vccw systemd[1]: Reached target System Initialization.
Feb 20 15:20:05 vccw systemd[1]: Listening on ACPID Listen Socket.
Feb 20 15:20:05 vccw systemd[1]: Listening on RPCbind Server Activation Socket.
Feb 20 15:20:05 vccw systemd[1]: Started Daily Cleanup of Temporary Directories.
Feb 20 15:20:05 vccw systemd[1]: Listening on D-Bus System Message Bus Socket.
Feb 20 15:20:05 vccw systemd[1]: Started ACPI Events Check.
Feb 20 15:20:05 vccw systemd[1]: Reached target Paths.
Feb 20 15:20:05 vccw systemd[1]: Starting Socket activation for snappy daemon.
Feb 20 15:20:05 vccw systemd[1]: Listening on UUID daemon activation socket.
Feb 20 15:20:05 vccw systemd[1]: Started Timer to automatically refresh installed snaps.
Feb 20 15:20:05 vccw systemd[1]: Starting LXD - unix socket.
Feb 20 15:20:05 vccw systemd[1]: Started ifup for enp0s8.
Feb 20 15:20:05 vccw systemd[1]: Starting Raise network interfaces...
Feb 20 15:20:05 vccw systemd[1]: Started ifup for enp0s3.
Feb 20 15:20:05 vccw systemd[1]: Listening on Socket activation for snappy daemon.
Feb 20 15:20:05 vccw systemd[1]: Listening on LXD - unix socket.
Feb 20 15:20:05 vccw systemd[1]: Reached target Sockets.
Feb 20 15:20:05 vccw systemd[1]: Reached target Basic System.
Feb 20 15:20:05 vccw systemd[1]: Starting LXD - container startup/shutdown...
Feb 20 15:20:05 vccw systemd[1]: Starting LSB: MD monitoring daemon...
Feb 20 15:20:05 vccw systemd[1]: Starting LSB: Record successful boot for GRUB...
Feb 20 15:20:05 vccw systemd[1]: Started ACPI event daemon.
Feb 20 15:20:05 vccw systemd[1]: Starting vboxadd.service...
Feb 20 15:20:05 vccw systemd[1]: Starting Accounts Service...
Feb 20 15:20:05 vccw systemd[1]: Starting vboxadd-x11.service...
Feb 20 15:20:05 vccw systemd[1]: Starting Login Service...
Feb 20 15:20:05 vccw systemd[1]: Starting System Logging Service...
Feb 20 15:20:05 vccw systemd[1]: Started Deferred execution scheduler.
Feb 20 15:20:05 vccw systemd[1]: Started D-Bus System Message Bus.
Feb 20 15:20:05 vccw acpid: starting up with netlink and the input layer
Feb 20 15:20:05 vccw acpid: 1 rule loaded
Feb 20 15:20:05 vccw acpid: waiting for events: event logging is off
Feb 20 15:20:05 vccw kernel: [    1.516106] PPP generic driver version 2.4.2
Feb 20 15:20:05 vccw kernel: [    1.516257] ehci_hcd: USB 2.0 'Enhanced' Host Controller (EHCI) Driver
Feb 20 15:20:05 vccw kernel: [    1.516271] ehci-pci: EHCI PCI platform driver
Feb 20 15:20:05 vccw kernel: [    1.516315] ehci-platform: EHCI generic platform driver
Feb 20 15:20:05 vccw kernel: [    1.516337] ohci_hcd: USB 1.1 'Open' Host Controller (OHCI) Driver
Feb 20 15:20:05 vccw kernel: [    1.516347] ohci-pci: OHCI PCI platform driver
Feb 20 15:20:05 vccw kernel: [    1.516369] ohci-platform: OHCI generic platform driver
Feb 20 15:20:05 vccw kernel: [    1.516388] uhci_hcd: USB Universal Host Controller Interface driver
Feb 20 15:20:05 vccw kernel: [    1.516532] i8042: PNP: PS/2 Controller [PNP0303:PS2K,PNP0f03:PS2M] at 0x60,0x64 irq 1,12
Feb 20 15:20:05 vccw kernel: [    1.517522] serio: i8042 KBD port at 0x60,0x64 irq 1
Feb 20 15:20:05 vccw kernel: [    1.517537] serio: i8042 AUX port at 0x60,0x64 irq 12
Feb 20 15:20:05 vccw kernel: [    1.517807] mousedev: PS/2 mouse device common for all mice
Feb 20 15:20:05 vccw kernel: [    1.518486] input: AT Translated Set 2 keyboard as /devices/platform/i8042/serio0/input/input2
Feb 20 15:20:05 vccw kernel: [    1.519416] rtc_cmos rtc_cmos: rtc core: registered rtc_cmos as rtc0
Feb 20 15:20:05 vccw kernel: [    1.519565] rtc_cmos rtc_cmos: alarms up to one day, 114 bytes nvram
Feb 20 15:20:05 vccw kernel: [    1.519622] i2c /dev entries driver
Feb 20 15:20:05 vccw kernel: [    1.519741] device-mapper: uevent: version 1.0.3
Feb 20 15:20:05 vccw kernel: [    1.519883] device-mapper: ioctl: 4.34.0-ioctl (2015-10-28) initialised: dm-devel@redhat.com
Feb 20 15:20:05 vccw kernel: [    1.519917] ledtrig-cpu: registered to indicate activity on CPUs
Feb 20 15:20:05 vccw kernel: [    1.521183] NET: Registered protocol family 10
Feb 20 15:20:05 vccw kernel: [    1.521545] NET: Registered protocol family 17
Feb 20 15:20:05 vccw kernel: [    1.521572] Key type dns_resolver registered
Feb 20 15:20:05 vccw kernel: [    1.521902] microcode: CPU0 sig=0x406c3, pf=0x8, revision=0x0
Feb 20 15:20:05 vccw kernel: [    1.521976] microcode: Microcode Update Driver: v2.01 <tigran@aivazian.fsnet.co.uk>, Peter Oruba
Feb 20 15:20:05 vccw kernel: [    1.522302] registered taskstats version 1
Feb 20 15:20:05 vccw kernel: [    1.522329] Loading compiled-in X.509 certificates
Feb 20 15:20:05 vccw kernel: [    1.524225] Loaded X.509 cert 'Build time autogenerated kernel key: 01a2b0d0dba8d37a863918580fc16590a7d146c8'
Feb 20 15:20:05 vccw kernel: [    1.524268] zswap: loaded using pool lzo/zbud
Feb 20 15:20:05 vccw kernel: [    1.528550] Key type trusted registered
Feb 20 15:20:05 vccw kernel: [    1.536867] Key type encrypted registered
Feb 20 15:20:05 vccw kernel: [    1.536888] AppArmor: AppArmor sha1 policy hashing enabled
Feb 20 15:20:05 vccw kernel: [    1.536895] ima: No TPM chip found, activating TPM-bypass!
Feb 20 15:20:05 vccw kernel: [    1.536943] evm: HMAC attrs: 0x1
Feb 20 15:20:05 vccw kernel: [    1.537896]   Magic number: 6:383:317
Feb 20 15:20:05 vccw kernel: [    1.537958] tty tty42: hash matches
Feb 20 15:20:05 vccw kernel: [    1.538000] reg-dummy reg-dummy: hash matches
Feb 20 15:20:05 vccw kernel: [    1.538101] rtc_cmos rtc_cmos: setting system clock to 2018-02-20 06:19:46 UTC (1519107586)
Feb 20 15:20:05 vccw kernel: [    1.538265] BIOS EDD facility v0.16 2004-Jun-25, 0 devices found
Feb 20 15:20:05 vccw kernel: [    1.538268] EDD information not available.
Feb 20 15:20:05 vccw kernel: [    1.538373] PM: Hibernation image not present or could not be loaded.
Feb 20 15:20:05 vccw kernel: [    1.682047] Freeing unused kernel memory: 1488K (ffffffff81f45000 - ffffffff820b9000)
Feb 20 15:20:05 vccw kernel: [    1.682057] Write protecting the kernel read-only data: 14336k
Feb 20 15:20:05 vccw kernel: [    1.683916] Freeing unused kernel memory: 1752K (ffff88000184a000 - ffff880001a00000)
Feb 20 15:20:05 vccw kernel: [    1.684806] Freeing unused kernel memory: 112K (ffff880001de4000 - ffff880001e00000)
Feb 20 15:20:05 vccw kernel: [    1.719112] random: udevadm: uninitialized urandom read (16 bytes read, 2 bits of entropy available)
Feb 20 15:20:05 vccw kernel: [    1.719181] random: udevadm: uninitialized urandom read (16 bytes read, 2 bits of entropy available)
Feb 20 15:20:05 vccw kernel: [    1.722099] random: systemd-udevd: uninitialized urandom read (16 bytes read, 2 bits of entropy available)
Feb 20 15:20:05 vccw kernel: [    1.722320] random: systemd-udevd: uninitialized urandom read (16 bytes read, 2 bits of entropy available)
Feb 20 15:20:05 vccw kernel: [    1.722365] random: systemd-udevd: uninitialized urandom read (16 bytes read, 2 bits of entropy available)
Feb 20 15:20:05 vccw kernel: [    1.722419] random: systemd-udevd: uninitialized urandom read (16 bytes read, 2 bits of entropy available)
Feb 20 15:20:05 vccw kernel: [    1.748121] random: systemd-udevd: uninitialized urandom read (16 bytes read, 2 bits of entropy available)
Feb 20 15:20:05 vccw kernel: [    1.748178] random: systemd-udevd: uninitialized urandom read (16 bytes read, 2 bits of entropy available)
Feb 20 15:20:05 vccw kernel: [    1.748207] random: systemd-udevd: uninitialized urandom read (16 bytes read, 2 bits of entropy available)
Feb 20 15:20:05 vccw kernel: [    1.750067] random: systemd-udevd: uninitialized urandom read (16 bytes read, 2 bits of entropy available)
Feb 20 15:20:05 vccw kernel: [    1.925750] ACPI: Video Device [GFX0] (multi-head: yes  rom: no  post: no)
Feb 20 15:20:05 vccw kernel: [    1.925903] input: Video Bus as /devices/LNXSYSTM:00/LNXSYBUS:00/PNP0A03:00/LNXVIDEO:00/input/input4
Feb 20 15:20:05 vccw kernel: [    1.932865] FUJITSU Extended Socket Network Device Driver - version 1.0 - Copyright (c) 2015 FUJITSU LIMITED
Feb 20 15:20:05 vccw kernel: [    1.966872] e1000: Intel(R) PRO/1000 Network Driver - version 7.3.21-k8-NAPI
Feb 20 15:20:05 vccw kernel: [    1.966878] e1000: Copyright (c) 1999-2006 Intel Corporation.
Feb 20 15:20:05 vccw kernel: [    2.121472] SSE version of gcm_enc/dec engaged.
Feb 20 15:20:05 vccw kernel: [    2.233084] input: ImExPS/2 Generic Explorer Mouse as /devices/platform/i8042/serio1/input/input5
Feb 20 15:20:05 vccw kernel: [    2.496985] tsc: Refined TSC clocksource calibration: 1599.620 MHz
Feb 20 15:20:05 vccw kernel: [    2.496994] clocksource: tsc: mask: 0xffffffffffffffff max_cycles: 0x170ebe00964, max_idle_ns: 440795254027 ns
Feb 20 15:20:05 vccw kernel: [    2.840547] e1000 0000:00:03.0 eth0: (PCI:33MHz:32-bit) 08:00:27:a8:df:8b
Feb 20 15:20:05 vccw kernel: [    2.840562] e1000 0000:00:03.0 eth0: Intel(R) PRO/1000 Network Connection
Feb 20 15:20:05 vccw kernel: [    2.840627] ahci 0000:00:0d.0: version 3.0
Feb 20 15:20:05 vccw kernel: [    2.842033] ahci 0000:00:0d.0: SSS flag set, parallel bus scan disabled
Feb 20 15:20:05 vccw kernel: [    2.842375] ahci 0000:00:0d.0: AHCI 0001.0100 32 slots 1 ports 3 Gbps 0x1 impl SATA mode
Feb 20 15:20:05 vccw kernel: [    2.842381] ahci 0000:00:0d.0: flags: 64bit ncq stag only ccc 
Feb 20 15:20:05 vccw kernel: [    2.843729] scsi host2: ahci
Feb 20 15:20:05 vccw kernel: [    2.844160] ata3: SATA max UDMA/133 abar m8192@0xf0840000 port 0xf0840100 irq 21
Feb 20 15:20:05 vccw kernel: [    3.168403] ata3: SATA link up 3.0 Gbps (SStatus 123 SControl 300)
Feb 20 15:20:05 vccw kernel: [    3.168971] ata3.00: ATA-6: VBOX HARDDISK, 1.0, max UDMA/133
Feb 20 15:20:05 vccw kernel: [    3.168976] ata3.00: 83886080 sectors, multi 128: LBA48 NCQ (depth 31/32)
Feb 20 15:20:05 vccw kernel: [    3.181742] ata3.00: configured for UDMA/133
Feb 20 15:20:05 vccw kernel: [    3.181987] scsi 2:0:0:0: Direct-Access     ATA      VBOX HARDDISK    1.0  PQ: 0 ANSI: 5
Feb 20 15:20:05 vccw kernel: [    3.182456] sd 2:0:0:0: [sda] 83886080 512-byte logical blocks: (42.9 GB/40.0 GiB)
Feb 20 15:20:05 vccw kernel: [    3.182570] sd 2:0:0:0: [sda] Write Protect is off
Feb 20 15:20:05 vccw kernel: [    3.182576] sd 2:0:0:0: [sda] Mode Sense: 00 3a 00 00
Feb 20 15:20:05 vccw kernel: [    3.182628] sd 2:0:0:0: [sda] Write cache: enabled, read cache: enabled, doesn't support DPO or FUA
Feb 20 15:20:05 vccw kernel: [    3.183212] sd 2:0:0:0: Attached scsi generic sg0 type 0
Feb 20 15:20:05 vccw kernel: [    3.217035]  sda: sda1 sda2 < sda5 >
Feb 20 15:20:05 vccw kernel: [    3.217710] sd 2:0:0:0: [sda] Attached SCSI disk
Feb 20 15:20:05 vccw kernel: [    3.408003] e1000 0000:00:08.0 eth1: (PCI:33MHz:32-bit) 08:00:27:8f:6b:90
Feb 20 15:20:05 vccw kernel: [    3.408014] e1000 0000:00:08.0 eth1: Intel(R) PRO/1000 Network Connection
Feb 20 15:20:05 vccw kernel: [    3.414300] e1000 0000:00:08.0 enp0s8: renamed from eth1
Feb 20 15:20:05 vccw kernel: [    3.426060] e1000 0000:00:03.0 enp0s3: renamed from eth0
Feb 20 15:20:05 vccw kernel: [    5.035862] floppy0: no floppy controllers found
Feb 20 15:20:05 vccw kernel: [    5.036007] work still pending
Feb 20 15:20:05 vccw kernel: [    6.739198] md: linear personality registered for level -1
Feb 20 15:20:05 vccw kernel: [    6.747951] md: multipath personality registered for level -4
Feb 20 15:20:05 vccw kernel: [    6.756444] md: raid0 personality registered for level 0
Feb 20 15:20:05 vccw kernel: [    6.766624] md: raid1 personality registered for level 1
Feb 20 15:20:05 vccw kernel: [    6.860255] raid6: sse2x1   gen()  1307 MB/s
Feb 20 15:20:05 vccw kernel: [    6.940246] raid6: sse2x1   xor()  2514 MB/s
Feb 20 15:20:05 vccw kernel: [    7.020241] raid6: sse2x2   gen()  2038 MB/s
Feb 20 15:20:05 vccw kernel: [    7.100238] raid6: sse2x2   xor()  2774 MB/s
Feb 20 15:20:05 vccw kernel: [    7.180241] raid6: sse2x4   gen()  2833 MB/s
Feb 20 15:20:05 vccw kernel: [    7.250776] raid6: sse2x4   xor()  1908 MB/s
Feb 20 15:20:05 vccw kernel: [    7.250781] raid6: using algorithm sse2x4 gen() 2833 MB/s
Feb 20 15:20:05 vccw kernel: [    7.250783] raid6: .... xor() 1908 MB/s, rmw enabled
Feb 20 15:20:05 vccw kernel: [    7.250786] raid6: using ssse3x2 recovery algorithm
Feb 20 15:20:05 vccw kernel: [    7.256360] xor: measuring software checksum speed
Feb 20 15:20:05 vccw kernel: [    7.294718]    prefetch64-sse:  8069.000 MB/sec
Feb 20 15:20:05 vccw kernel: [    7.335432]    generic_sse:  6189.000 MB/sec
Feb 20 15:20:05 vccw kernel: [    7.335437] xor: using function: prefetch64-sse (8069.000 MB/sec)
Feb 20 15:20:05 vccw kernel: [    7.341963] async_tx: api initialized (async)
Feb 20 15:20:05 vccw kernel: [    7.375114] md: raid6 personality registered for level 6
Feb 20 15:20:05 vccw kernel: [    7.375121] md: raid5 personality registered for level 5
Feb 20 15:20:05 vccw kernel: [    7.375124] md: raid4 personality registered for level 4
Feb 20 15:20:05 vccw kernel: [    7.395220] md: raid10 personality registered for level 10
Feb 20 15:20:05 vccw kernel: [    7.984929] Btrfs loaded
Feb 20 15:20:05 vccw kernel: [    8.307088] EXT4-fs (dm-0): mounted filesystem with ordered data mode. Opts: (null)
Feb 20 15:20:05 vccw kernel: [    9.114077] random: nonblocking pool is initialized
Feb 20 15:20:05 vccw kernel: [   12.494660] EXT4-fs (dm-0): re-mounted. Opts: errors=remount-ro
Feb 20 15:20:05 vccw kernel: [   12.513751] Loading iSCSI transport class v2.0-870.
Feb 20 15:20:05 vccw kernel: [   12.670045] iscsi: registered transport (tcp)
Feb 20 15:20:05 vccw kernel: [   13.170681] RPC: Registered named UNIX socket transport module.
Feb 20 15:20:05 vccw kernel: [   13.170688] RPC: Registered udp transport module.
Feb 20 15:20:05 vccw kernel: [   13.170691] RPC: Registered tcp transport module.
Feb 20 15:20:05 vccw kernel: [   13.170693] RPC: Registered tcp NFSv4.1 backchannel transport module.
Feb 20 15:20:05 vccw kernel: [   13.380779] iscsi: registered transport (iser)
Feb 20 15:20:05 vccw kernel: [   14.649847] vboxguest: module verification failed: signature and/or required key missing - tainting kernel
Feb 20 15:20:05 vccw kernel: [   14.775221] piix4_smbus 0000:00:07.0: SMBus base address uninitialized - upgrade BIOS or use force_addr=0xaddr
Feb 20 15:20:05 vccw kernel: [   14.959163] [drm] Initialized drm 1.1.0 20060810
Feb 20 15:20:05 vccw kernel: [   14.961399] snd_intel8x0 0000:00:05.0: disable (unknown or VT-d) VM optimization
Feb 20 15:20:05 vccw kernel: [   15.018309] vgdrvHeartbeatInit: Setting up heartbeat to trigger every 2000 milliseconds
Feb 20 15:20:05 vccw kernel: [   15.021333] input: Unspecified device as /devices/pci0000:00/0000:00:04.0/input/input6
Feb 20 15:20:05 vccw kernel: [   15.021695] vboxguest: misc device minor 55, IRQ 20, I/O port d020, MMIO at 00000000f0400000 (size 0x400000)
Feb 20 15:20:05 vccw kernel: [   15.021740] vboxguest: Successfully loaded version 5.1.24 (interface 0x00010004)
Feb 20 15:20:05 vccw kernel: [   15.371199] snd_intel8x0 0000:00:05.0: intel8x0_measure_ac97_clock: measured 53256 usecs (12556 samples)
Feb 20 15:20:05 vccw kernel: [   15.371206] snd_intel8x0 0000:00:05.0: measured clock 235766 rejected
Feb 20 15:20:05 vccw kernel: [   15.386111] intel_powerclamp: No package C-state available
Feb 20 15:20:05 vccw kernel: [   15.445295] intel_rapl: no valid rapl domains found in package 0
Feb 20 15:20:05 vccw kernel: [   15.731443] snd_intel8x0 0000:00:05.0: intel8x0_measure_ac97_clock: measured 53627 usecs (12722 samples)
Feb 20 15:20:05 vccw kernel: [   15.731453] snd_intel8x0 0000:00:05.0: measured clock 237231 rejected
Feb 20 15:20:05 vccw kernel: [   16.101553] snd_intel8x0 0000:00:05.0: intel8x0_measure_ac97_clock: measured 56383 usecs (12654 samples)
Feb 20 15:20:05 vccw kernel: [   16.101564] snd_intel8x0 0000:00:05.0: measured clock 224429 rejected
Feb 20 15:20:05 vccw kernel: [   16.101811] snd_intel8x0 0000:00:05.0: clocking to 48000
Feb 20 15:20:05 vccw kernel: [   16.194778] [drm] VRAM 00800000
Feb 20 15:20:05 vccw kernel: [   16.199106] [TTM] Zone  kernel: Available graphics memory: 508046 kiB
Feb 20 15:20:05 vccw kernel: [   16.199113] [TTM] Initializing pool allocator
Feb 20 15:20:05 vccw kernel: [   16.199123] [TTM] Initializing DMA pool allocator
Feb 20 15:20:05 vccw kernel: [   16.201111] fbcon: vboxdrmfb (fb0) is primary device
Feb 20 15:20:05 vccw kernel: [   16.329172] Console: switching to colour frame buffer device 100x37
Feb 20 15:20:05 vccw kernel: [   16.345767] vboxvideo 0000:00:02.0: fb0: vboxdrmfb frame buffer device
Feb 20 15:20:05 vccw kernel: [   16.345777] [drm] Initialized vboxvideo 1.0.0 20130823 for 0000:00:02.0 on minor 0
Feb 20 15:20:05 vccw kernel: [   16.979976] ppdev: user-space parallel port driver
Feb 20 15:20:05 vccw kernel: [   17.599275] Adding 1048572k swap on /dev/mapper/vagrant--vg-swap_1.  Priority:-1 extents:1 across:1048572k FS
Feb 20 15:20:05 vccw kernel: [   17.819675] EXT4-fs (sda1): mounting ext2 file system using the ext4 subsystem
Feb 20 15:20:05 vccw kernel: [   17.830699] EXT4-fs (sda1): mounted filesystem without journal. Opts: (null)
Feb 20 15:20:05 vccw kernel: [   17.950364] floppy0: no floppy controllers found
Feb 20 15:20:05 vccw kernel: [   17.950496] work still pending
Feb 20 15:20:05 vccw kernel: [   19.109839] audit: type=1400 audit(1519107604.068:2): apparmor="STATUS" operation="profile_load" profile="unconfined" name="lxc-container-default" pid=831 comm="apparmor_parser"
Feb 20 15:20:05 vccw kernel: [   19.109858] audit: type=1400 audit(1519107604.068:3): apparmor="STATUS" operation="profile_load" profile="unconfined" name="lxc-container-default-cgns" pid=831 comm="apparmor_parser"
Feb 20 15:20:05 vccw kernel: [   19.109872] audit: type=1400 audit(1519107604.068:4): apparmor="STATUS" operation="profile_load" profile="unconfined" name="lxc-container-default-with-mounting" pid=831 comm="apparmor_parser"
Feb 20 15:20:05 vccw kernel: [   19.109884] audit: type=1400 audit(1519107604.068:5): apparmor="STATUS" operation="profile_load" profile="unconfined" name="lxc-container-default-with-nesting" pid=831 comm="apparmor_parser"
Feb 20 15:20:05 vccw kernel: [   19.160718] audit: type=1400 audit(1519107604.120:6): apparmor="STATUS" operation="profile_load" profile="unconfined" name="/sbin/dhclient" pid=832 comm="apparmor_parser"
Feb 20 15:20:05 vccw kernel: [   19.160739] audit: type=1400 audit(1519107604.120:7): apparmor="STATUS" operation="profile_load" profile="unconfined" name="/usr/lib/NetworkManager/nm-dhcp-client.action" pid=832 comm="apparmor_parser"
Feb 20 15:20:05 vccw kernel: [   19.160751] audit: type=1400 audit(1519107604.120:8): apparmor="STATUS" operation="profile_load" profile="unconfined" name="/usr/lib/NetworkManager/nm-dhcp-helper" pid=832 comm="apparmor_parser"
Feb 20 15:20:05 vccw kernel: [   19.160763] audit: type=1400 audit(1519107604.120:9): apparmor="STATUS" operation="profile_load" profile="unconfined" name="/usr/lib/connman/scripts/dhclient-script" pid=832 comm="apparmor_parser"
Feb 20 15:20:05 vccw kernel: [   19.166511] audit: type=1400 audit(1519107604.124:10): apparmor="STATUS" operation="profile_load" profile="unconfined" name="/usr/bin/lxc-start" pid=833 comm="apparmor_parser"
Feb 20 15:20:05 vccw kernel: [   19.185429] audit: type=1400 audit(1519107604.144:11): apparmor="STATUS" operation="profile_load" profile="unconfined" name="/usr/lib/lxd/lxd-bridge-proxy" pid=834 comm="apparmor_parser"
Feb 20 15:20:05 vccw kernel: [   19.711294] IPv6: ADDRCONF(NETDEV_UP): enp0s8: link is not ready
Feb 20 15:20:05 vccw kernel: [   19.713641] e1000: enp0s8 NIC Link is Up 1000 Mbps Full Duplex, Flow Control: RX
Feb 20 15:20:05 vccw kernel: [   19.723561] IPv6: ADDRCONF(NETDEV_CHANGE): enp0s8: link becomes ready
Feb 20 15:20:06 vccw dbus[942]: [system] AppArmor D-Bus mediation is enabled
Feb 20 15:20:06 vccw systemd[1]: Started FUSE filesystem for LXC.
Feb 20 15:20:06 vccw systemd[1]: Started Regular background program processing daemon.
Feb 20 15:20:06 vccw systemd[1]: Starting Snappy daemon...
Feb 20 15:20:06 vccw systemd[1]: Started System Logging Service.
Feb 20 15:20:06 vccw vboxadd[918]: vboxadd.sh: Starting the VirtualBox Guest Additions.
Feb 20 15:20:06 vccw systemd[1]: Started vboxadd-x11.service.
Feb 20 15:20:06 vccw vboxadd.sh: Starting the VirtualBox Guest Additions.
Feb 20 15:20:06 vccw cron[1007]: (CRON) INFO (pidfile fd = 3)
Feb 20 15:20:06 vccw mdadm[891]:  * Starting MD monitoring service mdadm --monitor
Feb 20 15:20:06 vccw ifup[868]: /sbin/ifup: waiting for lock on /run/network/ifstate.enp0s3
Feb 20 15:20:06 vccw systemd[1]: Started Login Service.
Feb 20 15:20:06 vccw mdadm[891]:    ...done.
Feb 20 15:20:06 vccw systemd[1]: Started LSB: MD monitoring daemon.
Feb 20 15:20:06 vccw lxcfs[1004]: hierarchies:
Feb 20 15:20:06 vccw kernel: [   21.796700] cgroup: new mount options do not match the existing superblock, will be ignored
Feb 20 15:20:06 vccw lxcfs[1004]:   0: fd:   5: cpuset
Feb 20 15:20:06 vccw lxcfs[1004]:   1: fd:   6: blkio
Feb 20 15:20:06 vccw lxcfs[1004]:   2: fd:   7: perf_event
Feb 20 15:20:06 vccw lxcfs[1004]:   3: fd:   8: freezer
Feb 20 15:20:06 vccw lxcfs[1004]:   4: fd:   9: pids
Feb 20 15:20:06 vccw lxcfs[1004]:   5: fd:  10: hugetlb
Feb 20 15:20:06 vccw lxcfs[1004]:   6: fd:  11: net_cls,net_prio
Feb 20 15:20:06 vccw lxcfs[1004]:   7: fd:  12: memory
Feb 20 15:20:06 vccw lxcfs[1004]:   8: fd:  13: cpu,cpuacct
Feb 20 15:20:06 vccw lxcfs[1004]:   9: fd:  14: devices
Feb 20 15:20:06 vccw lxcfs[1004]:  10: fd:  15: name=systemd
Feb 20 15:20:06 vccw kernel: [   21.823576] vboxsf: Successfully loaded version 5.1.24 (interface 0x00010004)
Feb 20 15:20:06 vccw dbus[942]: [system] Activating via systemd: service name='org.freedesktop.PolicyKit1' unit='polkitd.service'
Feb 20 15:20:06 vccw cron[1007]: (CRON) INFO (Running @reboot jobs)
Feb 20 15:20:06 vccw systemd[1]: Starting Authenticate and Authorize Users to Run Privileged Tasks...
Feb 20 15:20:07 vccw dhclient[1043]: Internet Systems Consortium DHCP Client 4.3.3
Feb 20 15:20:07 vccw sh[852]: Internet Systems Consortium DHCP Client 4.3.3
Feb 20 15:20:07 vccw sh[852]: Copyright 2004-2015 Internet Systems Consortium.
Feb 20 15:20:07 vccw sh[852]: All rights reserved.
Feb 20 15:20:07 vccw sh[852]: For info, please visit https://www.isc.org/software/dhcp/
Feb 20 15:20:07 vccw dhclient[1043]: Copyright 2004-2015 Internet Systems Consortium.
Feb 20 15:20:07 vccw dhclient[1043]: All rights reserved.
Feb 20 15:20:07 vccw dhclient[1043]: For info, please visit https://www.isc.org/software/dhcp/
Feb 20 15:20:07 vccw dhclient[1043]: 
Feb 20 15:20:07 vccw vboxadd-x11.sh: Installing the Window System drivers.
Feb 20 15:20:07 vccw systemd[1]: Started LSB: Record successful boot for GRUB.
Feb 20 15:20:07 vccw vboxadd[918]: Could not find the X.Org or XFree86 Window System, skipping.
Feb 20 15:20:08 vccw kernel: [   23.164727] e1000: enp0s3 NIC Link is Up 1000 Mbps Full Duplex, Flow Control: RX
Feb 20 15:20:08 vccw polkitd[1055]: started daemon version 0.105 using authority implementation `local' version `0.105'
Feb 20 15:20:08 vccw dbus[942]: [system] Successfully activated service 'org.freedesktop.PolicyKit1'
Feb 20 15:20:08 vccw systemd[1]: Started Authenticate and Authorize Users to Run Privileged Tasks.
Feb 20 15:20:08 vccw accounts-daemon[922]: started daemon version 0.6.40
Feb 20 15:20:08 vccw systemd[1]: Started Accounts Service.
Feb 20 15:20:08 vccw dhclient[1043]: Listening on LPF/enp0s3/08:00:27:a8:df:8b
Feb 20 15:20:08 vccw sh[852]: Listening on LPF/enp0s3/08:00:27:a8:df:8b
Feb 20 15:20:08 vccw dhclient[1043]: Sending on   LPF/enp0s3/08:00:27:a8:df:8b
Feb 20 15:20:08 vccw sh[852]: Sending on   LPF/enp0s3/08:00:27:a8:df:8b
Feb 20 15:20:08 vccw dhclient[1043]: Sending on   Socket/fallback
Feb 20 15:20:08 vccw sh[852]: Sending on   Socket/fallback
Feb 20 15:20:08 vccw sh[852]: DHCPDISCOVER on enp0s3 to 255.255.255.255 port 67 interval 3 (xid=0x8ee5a978)
Feb 20 15:20:08 vccw dhclient[1043]: DHCPDISCOVER on enp0s3 to 255.255.255.255 port 67 interval 3 (xid=0x8ee5a978)
Feb 20 15:20:08 vccw dhclient[1043]: DHCPREQUEST of 10.0.2.15 on enp0s3 to 255.255.255.255 port 67 (xid=0x78a9e58e)
Feb 20 15:20:08 vccw sh[852]: DHCPREQUEST of 10.0.2.15 on enp0s3 to 255.255.255.255 port 67 (xid=0x78a9e58e)
Feb 20 15:20:08 vccw sh[852]: DHCPOFFER of 10.0.2.15 from 10.0.2.2
Feb 20 15:20:08 vccw dhclient[1043]: DHCPOFFER of 10.0.2.15 from 10.0.2.2
Feb 20 15:20:08 vccw sh[852]: DHCPACK of 10.0.2.15 from 10.0.2.2
Feb 20 15:20:08 vccw dhclient[1043]: DHCPACK of 10.0.2.15 from 10.0.2.2
Feb 20 15:20:08 vccw dhclient[1043]: bound to 10.0.2.15 -- renewal in 41662 seconds.
Feb 20 15:20:08 vccw sh[852]: bound to 10.0.2.15 -- renewal in 41662 seconds.
Feb 20 15:20:08 vccw systemd[1]: Started Raise network interfaces.
Feb 20 15:20:08 vccw systemd[1]: Reached target Network.
Feb 20 15:20:08 vccw systemd[1]: Starting MySQL Community Server...
Feb 20 15:20:08 vccw systemd[1]: Started Unattended Upgrades Shutdown.
Feb 20 15:20:08 vccw systemd[1]: Starting OpenBSD Secure Shell server...
Feb 20 15:20:08 vccw systemd[1]: Reached target Network is Online.
Feb 20 15:20:08 vccw systemd[1]: Started Daily apt download activities.
Feb 20 15:20:08 vccw systemd[1]: Started Daily apt upgrade and clean activities.
Feb 20 15:20:08 vccw systemd[1]: Reached target Timers.
Feb 20 15:20:08 vccw systemd[1]: Starting iSCSI initiator daemon (iscsid)...
Feb 20 15:20:08 vccw systemd[1]: Starting /etc/rc.local Compatibility...
Feb 20 15:20:08 vccw systemd[1]: Starting Daily apt download activities...
Feb 20 15:20:08 vccw systemd[1]: Started /etc/rc.local Compatibility.
Feb 20 15:20:08 vccw systemd[1]: Started LXD - container startup/shutdown.
Feb 20 15:20:09 vccw iscsid: iSCSI logger with pid=1218 started!
Feb 20 15:20:09 vccw systemd[1]: iscsid.service: Failed to read PID from file /run/iscsid.pid: Invalid argument
Feb 20 15:20:09 vccw iscsid: iSCSI daemon with pid=1219 started!
Feb 20 15:20:09 vccw systemd[1]: Started iSCSI initiator daemon (iscsid).
Feb 20 15:20:09 vccw systemd[1]: Starting Login to default iSCSI targets...
Feb 20 15:20:09 vccw iscsiadm[1226]: iscsiadm: No records found
Feb 20 15:20:09 vccw vboxadd.sh: .
Feb 20 15:20:09 vccw systemd[1]: Started vboxadd.service.
Feb 20 15:20:09 vccw systemd[1]: Starting vboxadd-service.service...
Feb 20 15:20:09 vccw systemd[1]: Started Login to default iSCSI targets.
Feb 20 15:20:09 vccw systemd[1]: Reached target Remote File Systems (Pre).
Feb 20 15:20:09 vccw systemd[1]: Reached target Remote File Systems.
Feb 20 15:20:09 vccw systemd[1]: Starting LSB: Set the CPU Frequency Scaling governor to "ondemand"...
Feb 20 15:20:09 vccw systemd[1]: Starting Permit User Sessions...
Feb 20 15:20:09 vccw vboxadd-service[1233]: vboxadd-service.sh: Starting VirtualBox Guest Addition service.
Feb 20 15:20:09 vccw systemd[1]: Starting LSB: daemon to balance interrupts for SMP systems...
Feb 20 15:20:09 vccw systemd[1]: Starting LSB: automatic crash report generation...
Feb 20 15:20:09 vccw vboxadd-service.sh: Starting VirtualBox Guest Addition service.
Feb 20 15:20:09 vccw systemd[1]: Starting LSB: Apache2 web server...
Feb 20 15:20:10 vccw systemd[1]: Started LSB: Set the CPU Frequency Scaling governor to "ondemand".
Feb 20 15:20:10 vccw irqbalance[1243]:  * Starting SMP IRQ Balancer: irqbalance
Feb 20 15:20:10 vccw apache2[1248]:  * Starting Apache httpd web server apache2
Feb 20 15:20:10 vccw systemd[1]: Started Permit User Sessions.
Feb 20 15:20:10 vccw systemd[1]: Starting Terminate Plymouth Boot Screen...
Feb 20 15:20:10 vccw systemd[1]: Starting Hold until boot process finishes up...
Feb 20 15:20:10 vccw systemd[1]: Started Terminate Plymouth Boot Screen.
Feb 20 15:20:10 vccw systemd[1]: Started Hold until boot process finishes up.
Feb 20 15:20:10 vccw systemd[1]: Started Getty on tty1.
Feb 20 15:20:10 vccw systemd[1]: Reached target Login Prompts.
Feb 20 15:20:10 vccw systemd[1]: Starting Set console scheme...
Feb 20 15:20:10 vccw apport[1244]:  * Starting automatic crash report generation: apport
Feb 20 15:20:10 vccw systemd[1]: Started Set console scheme.
Feb 20 15:20:10 vccw apport[1244]:    ...done.
Feb 20 15:20:10 vccw systemd[1]: Started LSB: automatic crash report generation.
Feb 20 15:20:10 vccw kernel: [   25.702648] VBoxService 5.1.24 r117012 (verbosity: 0) linux.amd64 (Jul 17 2017 17:16:12) release log
Feb 20 15:20:10 vccw kernel: [   25.702648] 00:00:00.000666 main     Log opened 2018-02-20T06:20:10.664406000Z
Feb 20 15:20:10 vccw kernel: [   25.704814] 00:00:00.002847 main     OS Product: Linux
Feb 20 15:20:10 vccw kernel: [   25.704879] 00:00:00.002993 main     OS Release: 4.4.0-92-generic
Feb 20 15:20:10 vccw kernel: [   25.704938] 00:00:00.003054 main     OS Version: #115-Ubuntu SMP Thu Aug 10 09:04:33 UTC 2017
Feb 20 15:20:10 vccw kernel: [   25.705026] 00:00:00.003114 main     Executable: /opt/VBoxGuestAdditions-5.1.24/sbin/VBoxService
Feb 20 15:20:10 vccw kernel: [   25.705026] 00:00:00.003116 main     Process ID: 1265
Feb 20 15:20:10 vccw kernel: [   25.705026] 00:00:00.003118 main     Package type: LINUX_64BITS_GENERIC
Feb 20 15:20:10 vccw /usr/sbin/irqbalance: Balancing is ineffective on systems with a single cpu.  Shutting down
Feb 20 15:20:10 vccw irqbalance[1243]:    ...done.
Feb 20 15:20:10 vccw systemd[1]: Started LSB: daemon to balance interrupts for SMP systems.
Feb 20 15:20:10 vccw kernel: [   25.732901] 00:00:00.030943 main     5.1.24 r117012 started. Verbose level = 0
Feb 20 15:20:10 vccw vboxadd-service.sh: VirtualBox Guest Addition service started.
Feb 20 15:20:10 vccw systemd[1]: Started vboxadd-service.service.
Feb 20 15:20:10 vccw systemd[1]: Started OpenBSD Secure Shell server.
Feb 20 15:20:11 vccw snapd[1013]: 2018/02/20 15:20:11.040771 daemon.go:290: started snapd/2.28.5 (series 16; classic) ubuntu/16.04 (amd64) linux/4.4.0-92-generic.
Feb 20 15:20:11 vccw systemd[1]: Started Snappy daemon.
Feb 20 15:20:11 vccw systemd[1]: Started Daily apt download activities.
Feb 20 15:20:11 vccw systemd[1]: Starting Daily apt upgrade and clean activities...
Feb 20 15:20:11 vccw systemd[1]: Started Daily apt upgrade and clean activities.
Feb 20 15:20:11 vccw kernel: [   26.866235] audit_printk_skb: 12 callbacks suppressed
Feb 20 15:20:11 vccw kernel: [   26.866242] audit: type=1400 audit(1519107611.824:16): apparmor="DENIED" operation="open" profile="/usr/sbin/mysqld" name="/proc/1330/status" pid=1330 comm="mysqld" requested_mask="r" denied_mask="r" fsuid=112 ouid=112
Feb 20 15:20:11 vccw kernel: [   26.866332] audit: type=1400 audit(1519107611.824:17): apparmor="DENIED" operation="open" profile="/usr/sbin/mysqld" name="/sys/devices/system/node/" pid=1330 comm="mysqld" requested_mask="r" denied_mask="r" fsuid=112 ouid=0
Feb 20 15:20:11 vccw kernel: [   26.866463] audit: type=1400 audit(1519107611.824:18): apparmor="DENIED" operation="open" profile="/usr/sbin/mysqld" name="/proc/1330/status" pid=1330 comm="mysqld" requested_mask="r" denied_mask="r" fsuid=112 ouid=112
Feb 20 15:20:13 vccw systemd[1]: Created slice User Slice of vagrant.
Feb 20 15:20:13 vccw systemd[1]: Starting User Manager for UID 1000...
Feb 20 15:20:13 vccw systemd[1]: Started Session 1 of user vagrant.
Feb 20 15:20:13 vccw systemd[1371]: Reached target Sockets.
Feb 20 15:20:13 vccw systemd[1371]: Reached target Timers.
Feb 20 15:20:13 vccw systemd[1371]: Reached target Paths.
Feb 20 15:20:13 vccw systemd[1371]: Reached target Basic System.
Feb 20 15:20:13 vccw systemd[1371]: Reached target Default.
Feb 20 15:20:13 vccw systemd[1371]: Startup finished in 237ms.
Feb 20 15:20:13 vccw systemd[1]: Started User Manager for UID 1000.
Feb 20 15:20:18 vccw systemd[1]: Started Session 2 of user vagrant.
Feb 20 15:20:22 vccw apache2[1248]:  *
Feb 20 15:20:22 vccw systemd[1]: Started LSB: Apache2 web server.
Feb 20 15:20:24 vccw systemd[1]: Started MySQL Community Server.
Feb 20 15:20:24 vccw systemd[1]: Reached target Multi-User System.
Feb 20 15:20:24 vccw systemd[1]: Reached target Graphical Interface.
Feb 20 15:20:24 vccw systemd[1]: Starting Update UTMP about System Runlevel Changes...
Feb 20 15:20:24 vccw systemd[1]: Started Update UTMP about System Runlevel Changes.
Feb 20 15:20:24 vccw systemd[1]: Startup finished in 8.923s (kernel) + 30.554s (userspace) = 39.478s.
Feb 20 15:20:35 vccw kernel: [   50.841724] IPv6: ADDRCONF(NETDEV_UP): enp0s8: link is not ready
Feb 20 15:20:35 vccw kernel: [   50.851878] e1000: enp0s8 NIC Link is Up 1000 Mbps Full Duplex, Flow Control: RX
Feb 20 15:20:35 vccw kernel: [   50.852597] IPv6: ADDRCONF(NETDEV_CHANGE): enp0s8: link becomes ready
Feb 20 15:20:35 vccw systemd[1]: Reloading OpenBSD Secure Shell server.
Feb 20 15:20:35 vccw systemd[1]: Reloaded OpenBSD Secure Shell server.
Feb 20 15:20:41 vccw systemd[1]: Stopping User Manager for UID 1000...
Feb 20 15:20:41 vccw systemd[1371]: Stopped target Default.
Feb 20 15:20:41 vccw systemd[1371]: Stopped target Basic System.
Feb 20 15:20:41 vccw systemd[1371]: Stopped target Sockets.
Feb 20 15:20:41 vccw systemd[1371]: Stopped target Timers.
Feb 20 15:20:41 vccw systemd[1371]: Reached target Shutdown.
Feb 20 15:20:41 vccw systemd[1371]: Starting Exit the Session...
Feb 20 15:20:41 vccw systemd[1371]: Stopped target Paths.
Feb 20 15:20:41 vccw systemd[1371]: Received SIGRTMIN+24 from PID 2052 (kill).
Feb 20 15:20:41 vccw systemd[1]: Stopped User Manager for UID 1000.
Feb 20 15:20:41 vccw systemd[1]: Removed slice User Slice of vagrant.
Feb 20 15:34:58 vccw systemd[1]: Starting Cleanup of Temporary Directories...
Feb 20 15:34:58 vccw systemd-tmpfiles[2059]: [/usr/lib/tmpfiles.d/var.conf:14] Duplicate line for path "/var/log", ignoring.
Feb 20 15:34:58 vccw systemd[1]: Started Cleanup of Temporary Directories.
Feb 20 15:39:01 vccw CRON[2065]: (root) CMD (  [ -x /usr/lib/php/sessionclean ] && /usr/lib/php/sessionclean)
Feb 20 16:09:01 vccw CRON[2107]: (root) CMD (  [ -x /usr/lib/php/sessionclean ] && /usr/lib/php/sessionclean)
Feb 20 16:17:01 vccw CRON[2149]: (root) CMD (   cd / && run-parts --report /etc/cron.hourly)
Feb 20 16:35:39 vccw systemd[1]: Created slice User Slice of vagrant.
Feb 20 16:35:39 vccw systemd[1]: Starting User Manager for UID 1000...
Feb 20 16:35:40 vccw systemd[1]: Started Session 6 of user vagrant.
Feb 20 16:35:40 vccw systemd[2153]: Reached target Timers.
Feb 20 16:35:40 vccw systemd[2153]: Reached target Paths.
Feb 20 16:35:40 vccw systemd[2153]: Reached target Sockets.
Feb 20 16:35:40 vccw systemd[2153]: Reached target Basic System.
Feb 20 16:35:40 vccw systemd[2153]: Reached target Default.
Feb 20 16:35:40 vccw systemd[2153]: Startup finished in 77ms.
Feb 20 16:35:40 vccw systemd[1]: Started User Manager for UID 1000.
Feb 20 16:35:44 vccw systemd[1]: Stopped target Timers.
Feb 20 16:35:44 vccw systemd[1]: Stopping Session 6 of user vagrant.
Feb 20 16:35:44 vccw systemd[1]: Stopped Timer to automatically refresh installed snaps.
Feb 20 16:35:44 vccw systemd[1]: Unmounting RPC Pipe File System...
Feb 20 16:35:44 vccw systemd[1]: Stopping Authenticate and Authorize Users to Run Privileged Tasks...
Feb 20 16:35:44 vccw rsyslogd: [origin software="rsyslogd" swVersion="8.16.0" x-pid="935" x-info="http://www.rsyslog.com"] exiting on signal 15.
Feb 20 20:57:30 vccw rsyslogd: [origin software="rsyslogd" swVersion="8.16.0" x-pid="942" x-info="http://www.rsyslog.com"] start
Feb 20 20:57:30 vccw rsyslogd-2222: command 'KLogPermitNonKernelFacility' is currently not permitted - did you already set it via a RainerScript command (v6+ config)? [v8.16.0 try http://www.rsyslog.com/e/2222 ]
Feb 20 20:57:30 vccw rsyslogd: rsyslogd's groupid changed to 108
Feb 20 20:57:30 vccw rsyslogd: rsyslogd's userid changed to 104
Feb 20 20:57:30 vccw rsyslogd-2039: Could not open output pipe '/dev/xconsole':: No such file or directory [v8.16.0 try http://www.rsyslog.com/e/2039 ]
Feb 20 20:57:30 vccw rsyslogd-2007: action 'action 10' suspended, next retry is Tue Feb 20 20:58:00 2018 [v8.16.0 try http://www.rsyslog.com/e/2007 ]
Feb 20 20:57:30 vccw kernel: [    0.000000] Initializing cgroup subsys cpuset
Feb 20 20:57:30 vccw kernel: [    0.000000] Initializing cgroup subsys cpu
Feb 20 20:57:30 vccw kernel: [    0.000000] Initializing cgroup subsys cpuacct
Feb 20 20:57:30 vccw kernel: [    0.000000] Linux version 4.4.0-92-generic (buildd@lcy01-17) (gcc version 5.4.0 20160609 (Ubuntu 5.4.0-6ubuntu1~16.04.4) ) #115-Ubuntu SMP Thu Aug 10 09:04:33 UTC 2017 (Ubuntu 4.4.0-92.115-generic 4.4.76)
Feb 20 20:57:30 vccw kernel: [    0.000000] Command line: BOOT_IMAGE=/vmlinuz-4.4.0-92-generic root=/dev/mapper/vagrant--vg-root ro quiet
Feb 20 20:57:30 vccw kernel: [    0.000000] KERNEL supported cpus:
Feb 20 20:57:30 vccw kernel: [    0.000000]   Intel GenuineIntel
Feb 20 20:57:30 vccw kernel: [    0.000000]   AMD AuthenticAMD
Feb 20 20:57:30 vccw kernel: [    0.000000]   Centaur CentaurHauls
Feb 20 20:57:30 vccw kernel: [    0.000000] x86/fpu: Legacy x87 FPU detected.
Feb 20 20:57:30 vccw kernel: [    0.000000] x86/fpu: Using 'lazy' FPU context switches.
Feb 20 20:57:30 vccw kernel: [    0.000000] e820: BIOS-provided physical RAM map:
Feb 20 20:57:30 vccw kernel: [    0.000000] BIOS-e820: [mem 0x0000000000000000-0x000000000009fbff] usable
Feb 20 20:57:30 vccw kernel: [    0.000000] BIOS-e820: [mem 0x000000000009fc00-0x000000000009ffff] reserved
Feb 20 20:57:30 vccw kernel: [    0.000000] BIOS-e820: [mem 0x00000000000f0000-0x00000000000fffff] reserved
Feb 20 20:57:30 vccw kernel: [    0.000000] BIOS-e820: [mem 0x0000000000100000-0x000000003ffeffff] usable
Feb 20 20:57:30 vccw kernel: [    0.000000] BIOS-e820: [mem 0x000000003fff0000-0x000000003fffffff] ACPI data
Feb 20 20:57:30 vccw kernel: [    0.000000] BIOS-e820: [mem 0x00000000fffc0000-0x00000000ffffffff] reserved
Feb 20 20:57:30 vccw kernel: [    0.000000] NX (Execute Disable) protection: active
Feb 20 20:57:30 vccw kernel: [    0.000000] SMBIOS 2.5 present.
Feb 20 20:57:30 vccw kernel: [    0.000000] DMI: innotek GmbH VirtualBox/VirtualBox, BIOS VirtualBox 12/01/2006
Feb 20 20:57:30 vccw kernel: [    0.000000] Hypervisor detected: KVM
Feb 20 20:57:30 vccw kernel: [    0.000000] e820: update [mem 0x00000000-0x00000fff] usable ==> reserved
Feb 20 20:57:30 vccw kernel: [    0.000000] e820: remove [mem 0x000a0000-0x000fffff] usable
Feb 20 20:57:30 vccw kernel: [    0.000000] e820: last_pfn = 0x3fff0 max_arch_pfn = 0x400000000
Feb 20 20:57:30 vccw kernel: [    0.000000] MTRR default type: uncachable
Feb 20 20:57:30 vccw kernel: [    0.000000] MTRR variable ranges disabled:
Feb 20 20:57:30 vccw kernel: [    0.000000] MTRR: Disabled
Feb 20 20:57:30 vccw kernel: [    0.000000] x86/PAT: MTRRs disabled, skipping PAT initialization too.
Feb 20 20:57:30 vccw kernel: [    0.000000] x86/PAT: Configuration [0-7]: WB  WT  UC- UC  WB  WT  UC- UC  
Feb 20 20:57:30 vccw kernel: [    0.000000] CPU MTRRs all blank - virtualized system.
Feb 20 20:57:30 vccw kernel: [    0.000000] found SMP MP-table at [mem 0x0009fff0-0x0009ffff] mapped at [ffff88000009fff0]
Feb 20 20:57:30 vccw kernel: [    0.000000] Scanning 1 areas for low memory corruption
Feb 20 20:57:30 vccw kernel: [    0.000000] Base memory trampoline at [ffff880000099000] 99000 size 24576
Feb 20 20:57:30 vccw kernel: [    0.000000] BRK [0x0220c000, 0x0220cfff] PGTABLE
Feb 20 20:57:30 vccw kernel: [    0.000000] BRK [0x0220d000, 0x0220dfff] PGTABLE
Feb 20 20:57:30 vccw kernel: [    0.000000] BRK [0x0220e000, 0x0220efff] PGTABLE
Feb 20 20:57:30 vccw kernel: [    0.000000] BRK [0x0220f000, 0x0220ffff] PGTABLE
Feb 20 20:57:30 vccw kernel: [    0.000000] RAMDISK: [mem 0x34bc2000-0x365d8fff]
Feb 20 20:57:30 vccw kernel: [    0.000000] ACPI: Early table checksum verification disabled
Feb 20 20:57:30 vccw kernel: [    0.000000] ACPI: RSDP 0x00000000000E0000 000024 (v02 VBOX  )
Feb 20 20:57:30 vccw kernel: [    0.000000] ACPI: XSDT 0x000000003FFF0030 00003C (v01 VBOX   VBOXXSDT 00000001 ASL  00000061)
Feb 20 20:57:30 vccw kernel: [    0.000000] ACPI: FACP 0x000000003FFF00F0 0000F4 (v04 VBOX   VBOXFACP 00000001 ASL  00000061)
Feb 20 20:57:30 vccw kernel: [    0.000000] ACPI: DSDT 0x000000003FFF0470 002118 (v01 VBOX   VBOXBIOS 00000002 INTL 20160108)
Feb 20 20:57:30 vccw kernel: [    0.000000] ACPI: FACS 0x000000003FFF0200 000040
Feb 20 20:57:30 vccw kernel: [    0.000000] ACPI: FACS 0x000000003FFF0200 000040
Feb 20 20:57:30 vccw kernel: [    0.000000] ACPI: APIC 0x000000003FFF0240 000054 (v02 VBOX   VBOXAPIC 00000001 ASL  00000061)
Feb 20 20:57:30 vccw kernel: [    0.000000] ACPI: SSDT 0x000000003FFF02A0 0001CC (v01 VBOX   VBOXCPUT 00000002 INTL 20160108)
Feb 20 20:57:30 vccw kernel: [    0.000000] ACPI: Local APIC address 0xfee00000
Feb 20 20:57:30 vccw kernel: [    0.000000] No NUMA configuration found
Feb 20 20:57:30 vccw kernel: [    0.000000] Faking a node at [mem 0x0000000000000000-0x000000003ffeffff]
Feb 20 20:57:30 vccw kernel: [    0.000000] NODE_DATA(0) allocated [mem 0x3ffeb000-0x3ffeffff]
Feb 20 20:57:30 vccw kernel: [    0.000000] kvm-clock: Using msrs 4b564d01 and 4b564d00
Feb 20 20:57:30 vccw kernel: [    0.000000] kvm-clock: cpu 0, msr 0:3ffe3001, primary cpu clock
Feb 20 20:57:30 vccw kernel: [    0.000000] kvm-clock: using sched offset of 5520243555 cycles
Feb 20 20:57:30 vccw kernel: [    0.000000] clocksource: kvm-clock: mask: 0xffffffffffffffff max_cycles: 0x1cd42e4dffb, max_idle_ns: 881590591483 ns
Feb 20 20:57:30 vccw kernel: [    0.000000] Zone ranges:
Feb 20 20:57:30 vccw kernel: [    0.000000]   DMA      [mem 0x0000000000001000-0x0000000000ffffff]
Feb 20 20:57:30 vccw kernel: [    0.000000]   DMA32    [mem 0x0000000001000000-0x000000003ffeffff]
Feb 20 20:57:30 vccw kernel: [    0.000000]   Normal   empty
Feb 20 20:57:30 vccw kernel: [    0.000000]   Device   empty
Feb 20 20:57:30 vccw kernel: [    0.000000] Movable zone start for each node
Feb 20 20:57:30 vccw kernel: [    0.000000] Early memory node ranges
Feb 20 20:57:30 vccw kernel: [    0.000000]   node   0: [mem 0x0000000000001000-0x000000000009efff]
Feb 20 20:57:30 vccw kernel: [    0.000000]   node   0: [mem 0x0000000000100000-0x000000003ffeffff]
Feb 20 20:57:30 vccw kernel: [    0.000000] Initmem setup node 0 [mem 0x0000000000001000-0x000000003ffeffff]
Feb 20 20:57:30 vccw kernel: [    0.000000] On node 0 totalpages: 262030
Feb 20 20:57:30 vccw kernel: [    0.000000]   DMA zone: 64 pages used for memmap
Feb 20 20:57:30 vccw kernel: [    0.000000]   DMA zone: 21 pages reserved
Feb 20 20:57:30 vccw kernel: [    0.000000]   DMA zone: 3998 pages, LIFO batch:0
Feb 20 20:57:30 vccw kernel: [    0.000000]   DMA32 zone: 4032 pages used for memmap
Feb 20 20:57:30 vccw kernel: [    0.000000]   DMA32 zone: 258032 pages, LIFO batch:31
Feb 20 20:57:30 vccw kernel: [    0.000000] ACPI: PM-Timer IO Port: 0x4008
Feb 20 20:57:30 vccw kernel: [    0.000000] ACPI: Local APIC address 0xfee00000
Feb 20 20:57:30 vccw kernel: [    0.000000] IOAPIC[0]: apic_id 1, version 17, address 0xfec00000, GSI 0-23
Feb 20 20:57:30 vccw kernel: [    0.000000] ACPI: INT_SRC_OVR (bus 0 bus_irq 0 global_irq 2 dfl dfl)
Feb 20 20:57:30 vccw kernel: [    0.000000] ACPI: INT_SRC_OVR (bus 0 bus_irq 9 global_irq 9 high level)
Feb 20 20:57:30 vccw kernel: [    0.000000] ACPI: IRQ0 used by override.
Feb 20 20:57:30 vccw kernel: [    0.000000] ACPI: IRQ9 used by override.
Feb 20 20:57:30 vccw kernel: [    0.000000] Using ACPI (MADT) for SMP configuration information
Feb 20 20:57:30 vccw kernel: [    0.000000] smpboot: Allowing 1 CPUs, 0 hotplug CPUs
Feb 20 20:57:30 vccw kernel: [    0.000000] PM: Registered nosave memory: [mem 0x00000000-0x00000fff]
Feb 20 20:57:30 vccw kernel: [    0.000000] PM: Registered nosave memory: [mem 0x0009f000-0x0009ffff]
Feb 20 20:57:30 vccw kernel: [    0.000000] PM: Registered nosave memory: [mem 0x000a0000-0x000effff]
Feb 20 20:57:30 vccw kernel: [    0.000000] PM: Registered nosave memory: [mem 0x000f0000-0x000fffff]
Feb 20 20:57:30 vccw kernel: [    0.000000] e820: [mem 0x40000000-0xfffbffff] available for PCI devices
Feb 20 20:57:30 vccw kernel: [    0.000000] Booting paravirtualized kernel on KVM
Feb 20 20:57:30 vccw kernel: [    0.000000] clocksource: refined-jiffies: mask: 0xffffffff max_cycles: 0xffffffff, max_idle_ns: 7645519600211568 ns
Feb 20 20:57:30 vccw kernel: [    0.000000] setup_percpu: NR_CPUS:512 nr_cpumask_bits:512 nr_cpu_ids:1 nr_node_ids:1
Feb 20 20:57:30 vccw kernel: [    0.000000] PERCPU: Embedded 33 pages/cpu @ffff88003fc00000 s98264 r8192 d28712 u2097152
Feb 20 20:57:30 vccw kernel: [    0.000000] pcpu-alloc: s98264 r8192 d28712 u2097152 alloc=1*2097152
Feb 20 20:57:30 vccw kernel: [    0.000000] pcpu-alloc: [0] 0 
Feb 20 20:57:30 vccw kernel: [    0.000000] PV qspinlock hash table entries: 256 (order: 0, 4096 bytes)
Feb 20 20:57:30 vccw kernel: [    0.000000] Built 1 zonelists in Node order, mobility grouping on.  Total pages: 257913
Feb 20 20:57:30 vccw kernel: [    0.000000] Policy zone: DMA32
Feb 20 20:57:30 vccw kernel: [    0.000000] Kernel command line: BOOT_IMAGE=/vmlinuz-4.4.0-92-generic root=/dev/mapper/vagrant--vg-root ro quiet
Feb 20 20:57:30 vccw kernel: [    0.000000] PID hash table entries: 4096 (order: 3, 32768 bytes)
Feb 20 20:57:30 vccw kernel: [    0.000000] Calgary: detecting Calgary via BIOS EBDA area
Feb 20 20:57:30 vccw kernel: [    0.000000] Calgary: Unable to locate Rio Grande table in EBDA - bailing!
Feb 20 20:57:30 vccw kernel: [    0.000000] Memory: 985992K/1048120K available (8474K kernel code, 1294K rwdata, 3984K rodata, 1488K init, 1316K bss, 62128K reserved, 0K cma-reserved)
Feb 20 20:57:30 vccw kernel: [    0.000000] SLUB: HWalign=64, Order=0-3, MinObjects=0, CPUs=1, Nodes=1
Feb 20 20:57:30 vccw kernel: [    0.000000] Hierarchical RCU implementation.
Feb 20 20:57:30 vccw kernel: [    0.000000] 	Build-time adjustment of leaf fanout to 64.
Feb 20 20:57:30 vccw kernel: [    0.000000] 	RCU restricting CPUs from NR_CPUS=512 to nr_cpu_ids=1.
Feb 20 20:57:30 vccw kernel: [    0.000000] RCU: Adjusting geometry for rcu_fanout_leaf=64, nr_cpu_ids=1
Feb 20 20:57:30 vccw kernel: [    0.000000] NR_IRQS:33024 nr_irqs:256 16
Feb 20 20:57:30 vccw kernel: [    0.000000] Console: colour VGA+ 80x25
Feb 20 20:57:30 vccw kernel: [    0.000000] console [tty0] enabled
Feb 20 20:57:30 vccw kernel: [    0.000000] tsc: Detected 1599.947 MHz processor
Feb 20 20:57:30 vccw kernel: [    0.095170] Calibrating delay loop (skipped) preset value.. 3199.89 BogoMIPS (lpj=6399788)
Feb 20 20:57:30 vccw kernel: [    0.095177] pid_max: default: 32768 minimum: 301
Feb 20 20:57:30 vccw kernel: [    0.095188] ACPI: Core revision 20150930
Feb 20 20:57:30 vccw kernel: [    0.097672] ACPI: 2 ACPI AML tables successfully acquired and loaded
Feb 20 20:57:30 vccw kernel: [    0.097710] Security Framework initialized
Feb 20 20:57:30 vccw kernel: [    0.097715] Yama: becoming mindful.
Feb 20 20:57:30 vccw kernel: [    0.097748] AppArmor: AppArmor initialized
Feb 20 20:57:30 vccw kernel: [    0.097950] Dentry cache hash table entries: 131072 (order: 8, 1048576 bytes)
Feb 20 20:57:30 vccw kernel: [    0.098416] Inode-cache hash table entries: 65536 (order: 7, 524288 bytes)
Feb 20 20:57:30 vccw kernel: [    0.098802] Mount-cache hash table entries: 2048 (order: 2, 16384 bytes)
Feb 20 20:57:30 vccw kernel: [    0.098811] Mountpoint-cache hash table entries: 2048 (order: 2, 16384 bytes)
Feb 20 20:57:30 vccw kernel: [    0.099224] Initializing cgroup subsys io
Feb 20 20:57:30 vccw kernel: [    0.099234] Initializing cgroup subsys memory
Feb 20 20:57:30 vccw kernel: [    0.099248] Initializing cgroup subsys devices
Feb 20 20:57:30 vccw kernel: [    0.099253] Initializing cgroup subsys freezer
Feb 20 20:57:30 vccw kernel: [    0.099259] Initializing cgroup subsys net_cls
Feb 20 20:57:30 vccw kernel: [    0.099263] Initializing cgroup subsys perf_event
Feb 20 20:57:30 vccw kernel: [    0.099268] Initializing cgroup subsys net_prio
Feb 20 20:57:30 vccw kernel: [    0.099277] Initializing cgroup subsys hugetlb
Feb 20 20:57:30 vccw kernel: [    0.099282] Initializing cgroup subsys pids
Feb 20 20:57:30 vccw kernel: [    0.099486] CPU: Physical Processor ID: 0
Feb 20 20:57:30 vccw kernel: [    0.105075] mce: CPU supports 0 MCE banks
Feb 20 20:57:30 vccw kernel: [    0.105135] process: using mwait in idle threads
Feb 20 20:57:30 vccw kernel: [    0.105149] Last level iTLB entries: 4KB 48, 2MB 0, 4MB 0
Feb 20 20:57:30 vccw kernel: [    0.105153] Last level dTLB entries: 4KB 256, 2MB 16, 4MB 16, 1GB 0
Feb 20 20:57:30 vccw kernel: [    0.151778] Freeing SMP alternatives memory: 32K (ffffffff820b9000 - ffffffff820c1000)
Feb 20 20:57:30 vccw kernel: [    0.175274] ftrace: allocating 32131 entries in 126 pages
Feb 20 20:57:30 vccw kernel: [    0.302613] smpboot: APIC(0) Converting physical 0 to logical package 0
Feb 20 20:57:30 vccw kernel: [    0.302619] smpboot: Max logical packages: 1
Feb 20 20:57:30 vccw kernel: [    0.305748] ..TIMER: vector=0x30 apic1=0 pin1=2 apic2=-1 pin2=-1
Feb 20 20:57:30 vccw kernel: [    0.394571] smpboot: CPU0: Intel(R) Celeron(R) CPU  N3050  @ 1.60GHz (family: 0x6, model: 0x4c, stepping: 0x3)
Feb 20 20:57:30 vccw kernel: [    0.394619] Performance Events: unsupported p6 CPU model 76 no PMU driver, software events only.
Feb 20 20:57:30 vccw kernel: [    0.394686] KVM setup paravirtual spinlock
Feb 20 20:57:30 vccw kernel: [    0.396038] x86: Booted up 1 node, 1 CPUs
Feb 20 20:57:30 vccw kernel: [    0.396045] smpboot: Total of 1 processors activated (3199.89 BogoMIPS)
Feb 20 20:57:30 vccw kernel: [    0.396788] devtmpfs: initialized
Feb 20 20:57:30 vccw kernel: [    0.403094] evm: security.selinux
Feb 20 20:57:30 vccw kernel: [    0.403097] evm: security.SMACK64
Feb 20 20:57:30 vccw kernel: [    0.403099] evm: security.SMACK64EXEC
Feb 20 20:57:30 vccw kernel: [    0.403101] evm: security.SMACK64TRANSMUTE
Feb 20 20:57:30 vccw kernel: [    0.403103] evm: security.SMACK64MMAP
Feb 20 20:57:30 vccw kernel: [    0.403105] evm: security.ima
Feb 20 20:57:30 vccw kernel: [    0.403107] evm: security.capability
Feb 20 20:57:30 vccw kernel: [    0.403340] clocksource: jiffies: mask: 0xffffffff max_cycles: 0xffffffff, max_idle_ns: 7645041785100000 ns
Feb 20 20:57:30 vccw kernel: [    0.403358] futex hash table entries: 256 (order: 2, 16384 bytes)
Feb 20 20:57:30 vccw kernel: [    0.403509] pinctrl core: initialized pinctrl subsystem
Feb 20 20:57:30 vccw kernel: [    0.403836] RTC time: 11:57:10, date: 02/20/18
Feb 20 20:57:30 vccw kernel: [    0.404153] NET: Registered protocol family 16
Feb 20 20:57:30 vccw kernel: [    0.404486] cpuidle: using governor ladder
Feb 20 20:57:30 vccw kernel: [    0.404492] cpuidle: using governor menu
Feb 20 20:57:30 vccw kernel: [    0.404497] PCCT header not found.
Feb 20 20:57:30 vccw kernel: [    0.404613] ACPI: bus type PCI registered
Feb 20 20:57:30 vccw kernel: [    0.404618] acpiphp: ACPI Hot Plug PCI Controller Driver version: 0.5
Feb 20 20:57:30 vccw kernel: [    0.404844] PCI: Using configuration type 1 for base access
Feb 20 20:57:30 vccw kernel: [    0.409560] ACPI: Added _OSI(Module Device)
Feb 20 20:57:30 vccw kernel: [    0.409567] ACPI: Added _OSI(Processor Device)
Feb 20 20:57:30 vccw kernel: [    0.409569] ACPI: Added _OSI(3.0 _SCP Extensions)
Feb 20 20:57:30 vccw kernel: [    0.409572] ACPI: Added _OSI(Processor Aggregator Device)
Feb 20 20:57:30 vccw kernel: [    0.411292] ACPI: Executed 1 blocks of module-level executable AML code
Feb 20 20:57:30 vccw kernel: [    0.416209] ACPI: Interpreter enabled
Feb 20 20:57:30 vccw kernel: [    0.416233] ACPI: (supports S0 S5)
Feb 20 20:57:30 vccw kernel: [    0.416237] ACPI: Using IOAPIC for interrupt routing
Feb 20 20:57:30 vccw kernel: [    0.416682] PCI: Using host bridge windows from ACPI; if necessary, use "pci=nocrs" and report a bug
Feb 20 20:57:30 vccw kernel: [    0.426674] ACPI: PCI Root Bridge [PCI0] (domain 0000 [bus 00-ff])
Feb 20 20:57:30 vccw kernel: [    0.426688] acpi PNP0A03:00: _OSC: OS supports [ASPM ClockPM Segments MSI]
Feb 20 20:57:30 vccw kernel: [    0.426699] acpi PNP0A03:00: _OSC failed (AE_NOT_FOUND); disabling ASPM
Feb 20 20:57:30 vccw kernel: [    0.426714] acpi PNP0A03:00: fail to add MMCONFIG information, can't access extended PCI configuration space under this bridge.
Feb 20 20:57:30 vccw kernel: [    0.427415] PCI host bridge to bus 0000:00
Feb 20 20:57:30 vccw kernel: [    0.427422] pci_bus 0000:00: root bus resource [io  0x0000-0x0cf7 window]
Feb 20 20:57:30 vccw kernel: [    0.427426] pci_bus 0000:00: root bus resource [io  0x0d00-0xffff window]
Feb 20 20:57:30 vccw kernel: [    0.427430] pci_bus 0000:00: root bus resource [mem 0x000a0000-0x000bffff window]
Feb 20 20:57:30 vccw kernel: [    0.427434] pci_bus 0000:00: root bus resource [mem 0x40000000-0xffdfffff window]
Feb 20 20:57:30 vccw kernel: [    0.427438] pci_bus 0000:00: root bus resource [bus 00-ff]
Feb 20 20:57:30 vccw kernel: [    0.427538] pci 0000:00:00.0: [8086:1237] type 00 class 0x060000
Feb 20 20:57:30 vccw kernel: [    0.428813] pci 0000:00:01.0: [8086:7000] type 00 class 0x060100
Feb 20 20:57:30 vccw kernel: [    0.430462] pci 0000:00:01.1: [8086:7111] type 00 class 0x01018a
Feb 20 20:57:30 vccw kernel: [    0.431460] pci 0000:00:01.1: reg 0x20: [io  0xd000-0xd00f]
Feb 20 20:57:30 vccw kernel: [    0.431873] pci 0000:00:01.1: legacy IDE quirk: reg 0x10: [io  0x01f0-0x01f7]
Feb 20 20:57:30 vccw kernel: [    0.431877] pci 0000:00:01.1: legacy IDE quirk: reg 0x14: [io  0x03f6]
Feb 20 20:57:30 vccw kernel: [    0.431881] pci 0000:00:01.1: legacy IDE quirk: reg 0x18: [io  0x0170-0x0177]
Feb 20 20:57:30 vccw kernel: [    0.431884] pci 0000:00:01.1: legacy IDE quirk: reg 0x1c: [io  0x0376]
Feb 20 20:57:30 vccw kernel: [    0.432382] pci 0000:00:02.0: [80ee:beef] type 00 class 0x030000
Feb 20 20:57:30 vccw kernel: [    0.435000] pci 0000:00:02.0: reg 0x10: [mem 0xe0000000-0xe07fffff pref]
Feb 20 20:57:30 vccw kernel: [    0.449813] pci 0000:00:03.0: [8086:100e] type 00 class 0x020000
Feb 20 20:57:30 vccw kernel: [    0.452220] pci 0000:00:03.0: reg 0x10: [mem 0xf0000000-0xf001ffff]
Feb 20 20:57:30 vccw kernel: [    0.456151] pci 0000:00:03.0: reg 0x18: [io  0xd010-0xd017]
Feb 20 20:57:30 vccw kernel: [    0.465001] pci 0000:00:04.0: [80ee:cafe] type 00 class 0x088000
Feb 20 20:57:30 vccw kernel: [    0.467098] pci 0000:00:04.0: reg 0x10: [io  0xd020-0xd03f]
Feb 20 20:57:30 vccw kernel: [    0.469184] pci 0000:00:04.0: reg 0x14: [mem 0xf0400000-0xf07fffff]
Feb 20 20:57:30 vccw kernel: [    0.471299] pci 0000:00:04.0: reg 0x18: [mem 0xf0800000-0xf0803fff pref]
Feb 20 20:57:30 vccw kernel: [    0.480063] pci 0000:00:05.0: [8086:2415] type 00 class 0x040100
Feb 20 20:57:30 vccw kernel: [    0.480349] pci 0000:00:05.0: reg 0x10: [io  0xd100-0xd1ff]
Feb 20 20:57:30 vccw kernel: [    0.480520] pci 0000:00:05.0: reg 0x14: [io  0xd200-0xd23f]
Feb 20 20:57:30 vccw kernel: [    0.481963] pci 0000:00:07.0: [8086:7113] type 00 class 0x068000
Feb 20 20:57:30 vccw kernel: [    0.483886] pci 0000:00:08.0: [8086:100e] type 00 class 0x020000
Feb 20 20:57:30 vccw kernel: [    0.486246] pci 0000:00:08.0: reg 0x10: [mem 0xf0820000-0xf083ffff]
Feb 20 20:57:30 vccw kernel: [    0.490245] pci 0000:00:08.0: reg 0x18: [io  0xd240-0xd247]
Feb 20 20:57:30 vccw kernel: [    0.499247] pci 0000:00:0d.0: [8086:2829] type 00 class 0x010601
Feb 20 20:57:30 vccw kernel: [    0.501517] pci 0000:00:0d.0: reg 0x10: [io  0xd248-0xd24f]
Feb 20 20:57:30 vccw kernel: [    0.505501] pci 0000:00:0d.0: reg 0x18: [io  0xd258-0xd25f]
Feb 20 20:57:30 vccw kernel: [    0.509461] pci 0000:00:0d.0: reg 0x20: [io  0xd270-0xd27f]
Feb 20 20:57:30 vccw kernel: [    0.514456] pci 0000:00:0d.0: reg 0x24: [mem 0xf0840000-0xf0841fff]
Feb 20 20:57:30 vccw kernel: [    0.520189] ACPI: PCI Interrupt Link [LNKA] (IRQs 5 9 10 *11)
Feb 20 20:57:30 vccw kernel: [    0.520855] ACPI: PCI Interrupt Link [LNKB] (IRQs 5 9 10 *11)
Feb 20 20:57:30 vccw kernel: [    0.521097] ACPI: PCI Interrupt Link [LNKC] (IRQs 5 9 *10 11)
Feb 20 20:57:30 vccw kernel: [    0.521339] ACPI: PCI Interrupt Link [LNKD] (IRQs 5 *9 10 11)
Feb 20 20:57:30 vccw kernel: [    0.521659] ACPI: Enabled 2 GPEs in block 00 to 07
Feb 20 20:57:30 vccw kernel: [    0.522235] vgaarb: setting as boot device: PCI:0000:00:02.0
Feb 20 20:57:30 vccw kernel: [    0.522241] vgaarb: device added: PCI:0000:00:02.0,decodes=io+mem,owns=io+mem,locks=none
Feb 20 20:57:30 vccw kernel: [    0.522246] vgaarb: loaded
Feb 20 20:57:30 vccw kernel: [    0.522249] vgaarb: bridge control possible 0000:00:02.0
Feb 20 20:57:30 vccw kernel: [    0.522871] SCSI subsystem initialized
Feb 20 20:57:30 vccw kernel: [    0.523019] libata version 3.00 loaded.
Feb 20 20:57:30 vccw kernel: [    0.523100] ACPI: bus type USB registered
Feb 20 20:57:30 vccw kernel: [    0.523167] usbcore: registered new interface driver usbfs
Feb 20 20:57:30 vccw kernel: [    0.523195] usbcore: registered new interface driver hub
Feb 20 20:57:30 vccw kernel: [    0.523222] usbcore: registered new device driver usb
Feb 20 20:57:30 vccw kernel: [    0.523585] PCI: Using ACPI for IRQ routing
Feb 20 20:57:30 vccw kernel: [    0.523590] PCI: pci_cache_line_size set to 64 bytes
Feb 20 20:57:30 vccw kernel: [    0.524045] e820: reserve RAM buffer [mem 0x0009fc00-0x0009ffff]
Feb 20 20:57:30 vccw kernel: [    0.524060] e820: reserve RAM buffer [mem 0x3fff0000-0x3fffffff]
Feb 20 20:57:30 vccw kernel: [    0.524359] NetLabel: Initializing
Feb 20 20:57:30 vccw kernel: [    0.524363] NetLabel:  domain hash size = 128
Feb 20 20:57:30 vccw kernel: [    0.524365] NetLabel:  protocols = UNLABELED CIPSOv4
Feb 20 20:57:30 vccw kernel: [    0.524388] NetLabel:  unlabeled traffic allowed by default
Feb 20 20:57:30 vccw kernel: [    0.524614] amd_nb: Cannot enumerate AMD northbridges
Feb 20 20:57:30 vccw kernel: [    0.524643] clocksource: Switched to clocksource kvm-clock
Feb 20 20:57:30 vccw kernel: [    0.542825] AppArmor: AppArmor Filesystem Enabled
Feb 20 20:57:30 vccw kernel: [    0.542980] pnp: PnP ACPI init
Feb 20 20:57:30 vccw kernel: [    0.543160] pnp 00:00: Plug and Play ACPI device, IDs PNP0303 (active)
Feb 20 20:57:30 vccw kernel: [    0.543359] pnp 00:01: Plug and Play ACPI device, IDs PNP0f03 (active)
Feb 20 20:57:30 vccw kernel: [    0.544912] pnp: PnP ACPI: found 2 devices
Feb 20 20:57:30 vccw kernel: [    0.553684] clocksource: acpi_pm: mask: 0xffffff max_cycles: 0xffffff, max_idle_ns: 2085701024 ns
Feb 20 20:57:30 vccw kernel: [    0.553717] pci_bus 0000:00: resource 4 [io  0x0000-0x0cf7 window]
Feb 20 20:57:30 vccw kernel: [    0.553722] pci_bus 0000:00: resource 5 [io  0x0d00-0xffff window]
Feb 20 20:57:30 vccw kernel: [    0.553726] pci_bus 0000:00: resource 6 [mem 0x000a0000-0x000bffff window]
Feb 20 20:57:30 vccw kernel: [    0.553730] pci_bus 0000:00: resource 7 [mem 0x40000000-0xffdfffff window]
Feb 20 20:57:30 vccw kernel: [    0.553806] NET: Registered protocol family 2
Feb 20 20:57:30 vccw kernel: [    0.554210] TCP established hash table entries: 8192 (order: 4, 65536 bytes)
Feb 20 20:57:30 vccw kernel: [    0.554250] TCP bind hash table entries: 8192 (order: 5, 131072 bytes)
Feb 20 20:57:30 vccw kernel: [    0.554306] TCP: Hash tables configured (established 8192 bind 8192)
Feb 20 20:57:30 vccw kernel: [    0.554382] UDP hash table entries: 512 (order: 2, 16384 bytes)
Feb 20 20:57:30 vccw kernel: [    0.554395] UDP-Lite hash table entries: 512 (order: 2, 16384 bytes)
Feb 20 20:57:30 vccw kernel: [    0.554487] NET: Registered protocol family 1
Feb 20 20:57:30 vccw kernel: [    0.554519] pci 0000:00:00.0: Limiting direct PCI/PCI transfers
Feb 20 20:57:30 vccw kernel: [    0.554654] pci 0000:00:01.0: Activating ISA DMA hang workarounds
Feb 20 20:57:30 vccw kernel: [    0.554731] pci 0000:00:02.0: Video device with shadowed ROM
Feb 20 20:57:30 vccw kernel: [    0.554938] PCI: CLS 0 bytes, default 64
Feb 20 20:57:30 vccw kernel: [    0.555098] Unpacking initramfs...
Feb 20 20:57:30 vccw kernel: [    1.407721] Freeing initrd memory: 26716K (ffff880034bc2000 - ffff8800365d9000)
Feb 20 20:57:30 vccw kernel: [    1.408465] platform rtc_cmos: registered platform RTC device (no PNP device found)
Feb 20 20:57:30 vccw kernel: [    1.408529] Scanning for low memory corruption every 60 seconds
Feb 20 20:57:30 vccw kernel: [    1.409157] audit: initializing netlink subsys (disabled)
Feb 20 20:57:30 vccw kernel: [    1.409194] audit: type=2000 audit(1519127838.480:1): initialized
Feb 20 20:57:30 vccw kernel: [    1.409664] Initialise system trusted keyring
Feb 20 20:57:30 vccw kernel: [    1.409891] HugeTLB registered 2 MB page size, pre-allocated 0 pages
Feb 20 20:57:30 vccw kernel: [    1.413182] zbud: loaded
Feb 20 20:57:30 vccw kernel: [    1.413557] VFS: Disk quotas dquot_6.6.0
Feb 20 20:57:30 vccw kernel: [    1.413630] VFS: Dquot-cache hash table entries: 512 (order 0, 4096 bytes)
Feb 20 20:57:30 vccw kernel: [    1.414181] squashfs: version 4.0 (2009/01/31) Phillip Lougher
Feb 20 20:57:30 vccw kernel: [    1.414756] fuse init (API version 7.23)
Feb 20 20:57:30 vccw kernel: [    1.415047] Key type big_key registered
Feb 20 20:57:30 vccw kernel: [    1.415080] Allocating IMA MOK and blacklist keyrings.
Feb 20 20:57:30 vccw kernel: [    1.415784] Key type asymmetric registered
Feb 20 20:57:30 vccw kernel: [    1.415802] Asymmetric key parser 'x509' registered
Feb 20 20:57:30 vccw kernel: [    1.415891] Block layer SCSI generic (bsg) driver version 0.4 loaded (major 249)
Feb 20 20:57:30 vccw kernel: [    1.415958] io scheduler noop registered
Feb 20 20:57:30 vccw kernel: [    1.415964] io scheduler deadline registered (default)
Feb 20 20:57:30 vccw kernel: [    1.416032] io scheduler cfq registered
Feb 20 20:57:30 vccw kernel: [    1.416251] pci_hotplug: PCI Hot Plug PCI Core version: 0.5
Feb 20 20:57:30 vccw kernel: [    1.416266] pciehp: PCI Express Hot Plug Controller Driver version: 0.4
Feb 20 20:57:30 vccw kernel: [    1.416644] ACPI: AC Adapter [AC] (on-line)
Feb 20 20:57:30 vccw kernel: [    1.416761] input: Power Button as /devices/LNXSYSTM:00/LNXPWRBN:00/input/input0
Feb 20 20:57:30 vccw kernel: [    1.416769] ACPI: Power Button [PWRF]
Feb 20 20:57:30 vccw kernel: [    1.416994] input: Sleep Button as /devices/LNXSYSTM:00/LNXSLPBN:00/input/input1
Feb 20 20:57:30 vccw kernel: [    1.417000] ACPI: Sleep Button [SLPF]
Feb 20 20:57:30 vccw kernel: [    1.417305] GHES: HEST is not enabled!
Feb 20 20:57:30 vccw kernel: [    1.419264] ACPI: Battery Slot [BAT0] (battery present)
Feb 20 20:57:30 vccw kernel: [    1.419373] Serial: 8250/16550 driver, 32 ports, IRQ sharing enabled
Feb 20 20:57:30 vccw kernel: [    1.424099] Linux agpgart interface v0.103
Feb 20 20:57:30 vccw kernel: [    1.427259] loop: module loaded
Feb 20 20:57:30 vccw kernel: [    1.427545] ata_piix 0000:00:01.1: version 2.13
Feb 20 20:57:30 vccw kernel: [    1.428583] scsi host0: ata_piix
Feb 20 20:57:30 vccw kernel: [    1.428739] scsi host1: ata_piix
